running egg_info
writing ../../build/tf_examples/tf_examples.egg-info/PKG-INFO
writing dependency_links to ../../build/tf_examples/tf_examples.egg-info/dependency_links.txt
writing entry points to ../../build/tf_examples/tf_examples.egg-info/entry_points.txt
writing requirements to ../../build/tf_examples/tf_examples.egg-info/requires.txt
writing top-level names to ../../build/tf_examples/tf_examples.egg-info/top_level.txt
reading manifest file '../../build/tf_examples/tf_examples.egg-info/SOURCES.txt'
writing manifest file '../../build/tf_examples/tf_examples.egg-info/SOURCES.txt'
running build
running build_py
copying tf_examples/transform_listener.py -> /root/workspaces/my_robot_ws/build/tf_examples/build/lib/tf_examples
running install
running install_lib
copying /root/workspaces/my_robot_ws/build/tf_examples/build/lib/tf_examples/transform_listener.py -> /root/workspaces/my_robot_ws/install/tf_examples/lib/python3.12/site-packages/tf_examples
byte-compiling /root/workspaces/my_robot_ws/install/tf_examples/lib/python3.12/site-packages/tf_examples/transform_listener.py to transform_listener.cpython-312.pyc
running install_data
running install_egg_info
removing '/root/workspaces/my_robot_ws/install/tf_examples/lib/python3.12/site-packages/tf_examples-0.0.0-py3.12.egg-info' (and everything under it)
Copying ../../build/tf_examples/tf_examples.egg-info to /root/workspaces/my_robot_ws/install/tf_examples/lib/python3.12/site-packages/tf_examples-0.0.0-py3.12.egg-info
running install_scripts
Installing odom_broadcaster script to /root/workspaces/my_robot_ws/install/tf_examples/lib/tf_examples
Installing transform_listener script to /root/workspaces/my_robot_ws/install/tf_examples/lib/tf_examples
writing list of installed files to '/root/workspaces/my_robot_ws/build/tf_examples/install.log'
