[0.941s] Invoking command in '/root/workspaces/my_robot_ws/src/tf_examples': PYTHONPATH=/root/workspaces/my_robot_ws/build/tf_examples/prefix_override:/usr/lib/python3/dist-packages/colcon_core/task/python/colcon_distutils_commands:/root/workspaces/my_robot_ws/install/tf_examples/lib/python3.12/site-packages:${PYTHONPATH} /usr/bin/python3 -W ignore:setup.py install is deprecated -W ignore:easy_install command is deprecated setup.py egg_info --egg-base ../../build/tf_examples build --build-base /root/workspaces/my_robot_ws/build/tf_examples/build install --record /root/workspaces/my_robot_ws/build/tf_examples/install.log --install-scripts $base/lib/tf_examples --single-version-externally-managed install_data
[1.157s] running egg_info
[1.176s] writing ../../build/tf_examples/tf_examples.egg-info/PKG-INFO
[1.202s] writing dependency_links to ../../build/tf_examples/tf_examples.egg-info/dependency_links.txt
[1.213s] writing entry points to ../../build/tf_examples/tf_examples.egg-info/entry_points.txt
[1.232s] writing requirements to ../../build/tf_examples/tf_examples.egg-info/requires.txt
[1.246s] writing top-level names to ../../build/tf_examples/tf_examples.egg-info/top_level.txt
[1.293s] reading manifest file '../../build/tf_examples/tf_examples.egg-info/SOURCES.txt'
[1.303s] writing manifest file '../../build/tf_examples/tf_examples.egg-info/SOURCES.txt'
[1.317s] running build
[1.330s] running build_py
[1.341s] copying tf_examples/transform_listener.py -> /root/workspaces/my_robot_ws/build/tf_examples/build/lib/tf_examples
[1.345s] running install
[1.345s] running install_lib
[1.358s] copying /root/workspaces/my_robot_ws/build/tf_examples/build/lib/tf_examples/transform_listener.py -> /root/workspaces/my_robot_ws/install/tf_examples/lib/python3.12/site-packages/tf_examples
[1.387s] byte-compiling /root/workspaces/my_robot_ws/install/tf_examples/lib/python3.12/site-packages/tf_examples/transform_listener.py to transform_listener.cpython-312.pyc
[1.407s] running install_data
[1.416s] running install_egg_info
[1.431s] removing '/root/workspaces/my_robot_ws/install/tf_examples/lib/python3.12/site-packages/tf_examples-0.0.0-py3.12.egg-info' (and everything under it)
[1.463s] Copying ../../build/tf_examples/tf_examples.egg-info to /root/workspaces/my_robot_ws/install/tf_examples/lib/python3.12/site-packages/tf_examples-0.0.0-py3.12.egg-info
[1.638s] running install_scripts
[1.767s] Installing odom_broadcaster script to /root/workspaces/my_robot_ws/install/tf_examples/lib/tf_examples
[1.782s] Installing transform_listener script to /root/workspaces/my_robot_ws/install/tf_examples/lib/tf_examples
[1.795s] writing list of installed files to '/root/workspaces/my_robot_ws/build/tf_examples/install.log'
[1.835s] Invoked command in '/root/workspaces/my_robot_ws/src/tf_examples' returned '0': PYTHONPATH=/root/workspaces/my_robot_ws/build/tf_examples/prefix_override:/usr/lib/python3/dist-packages/colcon_core/task/python/colcon_distutils_commands:/root/workspaces/my_robot_ws/install/tf_examples/lib/python3.12/site-packages:${PYTHONPATH} /usr/bin/python3 -W ignore:setup.py install is deprecated -W ignore:easy_install command is deprecated setup.py egg_info --egg-base ../../build/tf_examples build --build-base /root/workspaces/my_robot_ws/build/tf_examples/build install --record /root/workspaces/my_robot_ws/build/tf_examples/install.log --install-scripts $base/lib/tf_examples --single-version-externally-managed install_data
