[0.194s] Invoking command in '/root/workspaces/my_robot_ws/build/robot_description': CMAKE_PREFIX_PATH=${CMAKE_PREFIX_PATH}:/root/workspaces/my_robot_ws/install/tf_examples:/opt/ros/jazzy /usr/bin/cmake --build /root/workspaces/my_robot_ws/build/robot_description -- -j4 -l4
[0.368s] -- Found ament_cmake: 2.5.6 (/opt/ros/jazzy/share/ament_cmake/cmake)
[1.076s] -- Found ament_lint_auto: 0.17.5 (/opt/ros/jazzy/share/ament_lint_auto/cmake)
[1.527s] -- Added test 'flake8' to check Python code syntax and style conventions
[1.527s] -- Configured 'flake8' exclude dirs and/or files: 
[1.546s] -- Added test 'lint_cmake' to check CMake code style
[1.565s] -- Added test 'pep257' to check Python code against some of the docstring style conventions in PEP 257
[1.616s] -- Added test 'xmllint' to check XML markup files
[1.729s] -- Configuring done (1.4s)
[2.224s] -- Generating done (0.4s)
[2.471s] -- Build files have been written to: /root/workspaces/my_robot_ws/build/robot_description
[2.537s] Invoked command in '/root/workspaces/my_robot_ws/build/robot_description' returned '0': CMAKE_PREFIX_PATH=${CMAKE_PREFIX_PATH}:/root/workspaces/my_robot_ws/install/tf_examples:/opt/ros/jazzy /usr/bin/cmake --build /root/workspaces/my_robot_ws/build/robot_description -- -j4 -l4
[2.597s] Invoking command in '/root/workspaces/my_robot_ws/build/robot_description': CMAKE_PREFIX_PATH=${CMAKE_PREFIX_PATH}:/root/workspaces/my_robot_ws/install/tf_examples:/opt/ros/jazzy /usr/bin/cmake --install /root/workspaces/my_robot_ws/build/robot_description
[2.631s] -- Install configuration: ""
[2.639s] -- Up-to-date: /root/workspaces/my_robot_ws/install/robot_description/share/robot_description/urdf
[2.643s] -- Up-to-date: /root/workspaces/my_robot_ws/install/robot_description/share/robot_description/urdf/robot.urdf.xacro
[2.665s] -- Up-to-date: /root/workspaces/my_robot_ws/install/robot_description/share/robot_description/urdf/robot.gazebo.xacro
[2.688s] -- Up-to-date: /root/workspaces/my_robot_ws/install/robot_description/share/robot_description/meshes
[2.688s] -- Up-to-date: /root/workspaces/my_robot_ws/install/robot_description/share/robot_description/meshes/zed.stl
[2.688s] -- Up-to-date: /root/workspaces/my_robot_ws/install/robot_description/share/robot_description/meshes/lidar.STL
[2.688s] -- Up-to-date: /root/workspaces/my_robot_ws/install/robot_description/share/robot_description/launch
[2.688s] -- Up-to-date: /root/workspaces/my_robot_ws/install/robot_description/share/robot_description/launch/gazebo.launch.py
[2.688s] -- Up-to-date: /root/workspaces/my_robot_ws/install/robot_description/share/robot_description/launch/display.launch.py
[2.688s] -- Up-to-date: /root/workspaces/my_robot_ws/install/robot_description/share/robot_description/config
[2.694s] -- Installing: /root/workspaces/my_robot_ws/install/robot_description/share/robot_description/config/gz_bridge.yaml
[2.739s] -- Up-to-date: /root/workspaces/my_robot_ws/install/robot_description/share/robot_description/rviz
[2.755s] -- Up-to-date: /root/workspaces/my_robot_ws/install/robot_description/share/robot_description/rviz/robot_view.rviz
[2.776s] -- Installing: /root/workspaces/my_robot_ws/install/robot_description/share/ament_index/resource_index/package_run_dependencies/robot_description
[2.810s] -- Installing: /root/workspaces/my_robot_ws/install/robot_description/share/ament_index/resource_index/parent_prefix_path/robot_description
[2.856s] -- Up-to-date: /root/workspaces/my_robot_ws/install/robot_description/share/robot_description/environment/ament_prefix_path.sh
[2.876s] -- Up-to-date: /root/workspaces/my_robot_ws/install/robot_description/share/robot_description/environment/ament_prefix_path.dsv
[2.890s] -- Up-to-date: /root/workspaces/my_robot_ws/install/robot_description/share/robot_description/environment/path.sh
[2.905s] -- Up-to-date: /root/workspaces/my_robot_ws/install/robot_description/share/robot_description/environment/path.dsv
[2.919s] -- Up-to-date: /root/workspaces/my_robot_ws/install/robot_description/share/robot_description/local_setup.bash
[2.936s] -- Up-to-date: /root/workspaces/my_robot_ws/install/robot_description/share/robot_description/local_setup.sh
[2.949s] -- Up-to-date: /root/workspaces/my_robot_ws/install/robot_description/share/robot_description/local_setup.zsh
[2.974s] -- Up-to-date: /root/workspaces/my_robot_ws/install/robot_description/share/robot_description/local_setup.dsv
[2.988s] -- Installing: /root/workspaces/my_robot_ws/install/robot_description/share/robot_description/package.dsv
[3.015s] -- Up-to-date: /root/workspaces/my_robot_ws/install/robot_description/share/ament_index/resource_index/packages/robot_description
[3.022s] -- Up-to-date: /root/workspaces/my_robot_ws/install/robot_description/share/robot_description/cmake/robot_descriptionConfig.cmake
[3.037s] -- Up-to-date: /root/workspaces/my_robot_ws/install/robot_description/share/robot_description/cmake/robot_descriptionConfig-version.cmake
[3.041s] -- Installing: /root/workspaces/my_robot_ws/install/robot_description/share/robot_description/package.xml
[3.041s] Invoked command in '/root/workspaces/my_robot_ws/build/robot_description' returned '0': CMAKE_PREFIX_PATH=${CMAKE_PREFIX_PATH}:/root/workspaces/my_robot_ws/install/tf_examples:/opt/ros/jazzy /usr/bin/cmake --install /root/workspaces/my_robot_ws/build/robot_description
