[0.113s] DEBUG:colcon:Command line arguments: ['/usr/bin/colcon', 'build', '--packages-select', 'tf_examples']
[0.113s] DEBUG:colcon:Parsed command line arguments: Namespace(log_base=None, log_level=None, verb_name='build', build_base='build', install_base='install', merge_install=False, symlink_install=False, test_result_base=None, continue_on_error=False, executor='parallel', parallel_workers=4, event_handlers=None, ignore_user_meta=False, metas=['./colcon.meta'], base_paths=['.'], packages_ignore=None, packages_ignore_regex=None, paths=None, packages_up_to=None, packages_up_to_regex=None, packages_above=None, packages_above_and_dependencies=None, packages_above_depth=None, packages_select_by_dep=None, packages_skip_by_dep=None, packages_skip_up_to=None, packages_select_build_failed=False, packages_skip_build_finished=False, packages_select_test_failures=False, packages_skip_test_passed=False, packages_select=['tf_examples'], packages_skip=None, packages_select_regex=None, packages_skip_regex=None, packages_start=None, packages_end=None, allow_overriding=[], cmake_args=None, cmake_target=None, cmake_target_skip_unavailable=False, cmake_clean_cache=False, cmake_clean_first=False, cmake_force_configure=False, ament_cmake_args=None, catkin_cmake_args=None, catkin_skip_building_tests=False, verb_parser=<colcon_defaults.argument_parser.defaults.DefaultArgumentsDecorator object at 0x7fcb62294e00>, verb_extension=<colcon_core.verb.build.BuildVerb object at 0x7fcb62294b30>, main=<bound method BuildVerb.main of <colcon_core.verb.build.BuildVerb object at 0x7fcb62294b30>>)
[0.154s] Level 1:colcon.colcon_core.package_discovery:discover_packages(colcon_meta) check parameters
[0.154s] Level 1:colcon.colcon_core.package_discovery:discover_packages(recursive) check parameters
[0.157s] Level 1:colcon.colcon_core.package_discovery:discover_packages(ignore) check parameters
[0.165s] Level 1:colcon.colcon_core.package_discovery:discover_packages(path) check parameters
[0.168s] Level 1:colcon.colcon_core.package_discovery:discover_packages(colcon_meta) discover
[0.171s] Level 1:colcon.colcon_core.package_discovery:discover_packages(recursive) discover
[0.175s] INFO:colcon.colcon_core.package_discovery:Crawling recursively for packages in '/root/workspaces/my_robot_ws'
[0.179s] Level 1:colcon.colcon_core.package_identification:_identify(.) by extensions ['ignore', 'ignore_ament_install']
[0.182s] Level 1:colcon.colcon_core.package_identification:_identify(.) by extension 'ignore'
[0.185s] Level 1:colcon.colcon_core.package_identification:_identify(.) by extension 'ignore_ament_install'
[0.188s] Level 1:colcon.colcon_core.package_identification:_identify(.) by extensions ['colcon_pkg']
[0.193s] Level 1:colcon.colcon_core.package_identification:_identify(.) by extension 'colcon_pkg'
[0.196s] Level 1:colcon.colcon_core.package_identification:_identify(.) by extensions ['colcon_meta']
[0.199s] Level 1:colcon.colcon_core.package_identification:_identify(.) by extension 'colcon_meta'
[0.203s] Level 1:colcon.colcon_core.package_identification:_identify(.) by extensions ['ros']
[0.207s] Level 1:colcon.colcon_core.package_identification:_identify(.) by extension 'ros'
[0.233s] Level 1:colcon.colcon_core.package_identification:_identify(.) by extensions ['cmake', 'python']
[0.233s] Level 1:colcon.colcon_core.package_identification:_identify(.) by extension 'cmake'
[0.233s] Level 1:colcon.colcon_core.package_identification:_identify(.) by extension 'python'
[0.234s] Level 1:colcon.colcon_core.package_identification:_identify(.) by extensions ['python_setup_py']
[0.234s] Level 1:colcon.colcon_core.package_identification:_identify(.) by extension 'python_setup_py'
[0.235s] Level 1:colcon.colcon_core.package_identification:_identify(build) by extensions ['ignore', 'ignore_ament_install']
[0.239s] Level 1:colcon.colcon_core.package_identification:_identify(build) by extension 'ignore'
[0.243s] Level 1:colcon.colcon_core.package_identification:_identify(build) ignored
[0.247s] Level 1:colcon.colcon_core.package_identification:_identify(install) by extensions ['ignore', 'ignore_ament_install']
[0.249s] Level 1:colcon.colcon_core.package_identification:_identify(install) by extension 'ignore'
[0.255s] Level 1:colcon.colcon_core.package_identification:_identify(install) ignored
[0.263s] Level 1:colcon.colcon_core.package_identification:_identify(log) by extensions ['ignore', 'ignore_ament_install']
[0.263s] Level 1:colcon.colcon_core.package_identification:_identify(log) by extension 'ignore'
[0.266s] Level 1:colcon.colcon_core.package_identification:_identify(log) ignored
[0.270s] Level 1:colcon.colcon_core.package_identification:_identify(src) by extensions ['ignore', 'ignore_ament_install']
[0.273s] Level 1:colcon.colcon_core.package_identification:_identify(src) by extension 'ignore'
[0.280s] Level 1:colcon.colcon_core.package_identification:_identify(src) by extension 'ignore_ament_install'
[0.291s] Level 1:colcon.colcon_core.package_identification:_identify(src) by extensions ['colcon_pkg']
[0.295s] Level 1:colcon.colcon_core.package_identification:_identify(src) by extension 'colcon_pkg'
[0.298s] Level 1:colcon.colcon_core.package_identification:_identify(src) by extensions ['colcon_meta']
[0.302s] Level 1:colcon.colcon_core.package_identification:_identify(src) by extension 'colcon_meta'
[0.305s] Level 1:colcon.colcon_core.package_identification:_identify(src) by extensions ['ros']
[0.308s] Level 1:colcon.colcon_core.package_identification:_identify(src) by extension 'ros'
[0.312s] Level 1:colcon.colcon_core.package_identification:_identify(src) by extensions ['cmake', 'python']
[0.319s] Level 1:colcon.colcon_core.package_identification:_identify(src) by extension 'cmake'
[0.323s] Level 1:colcon.colcon_core.package_identification:_identify(src) by extension 'python'
[0.323s] Level 1:colcon.colcon_core.package_identification:_identify(src) by extensions ['python_setup_py']
[0.327s] Level 1:colcon.colcon_core.package_identification:_identify(src) by extension 'python_setup_py'
[0.332s] Level 1:colcon.colcon_core.package_identification:_identify(src/robot_description) by extensions ['ignore', 'ignore_ament_install']
[0.335s] Level 1:colcon.colcon_core.package_identification:_identify(src/robot_description) by extension 'ignore'
[0.340s] Level 1:colcon.colcon_core.package_identification:_identify(src/robot_description) by extension 'ignore_ament_install'
[0.340s] Level 1:colcon.colcon_core.package_identification:_identify(src/robot_description) by extensions ['colcon_pkg']
[0.344s] Level 1:colcon.colcon_core.package_identification:_identify(src/robot_description) by extension 'colcon_pkg'
[0.347s] Level 1:colcon.colcon_core.package_identification:_identify(src/robot_description) by extensions ['colcon_meta']
[0.351s] Level 1:colcon.colcon_core.package_identification:_identify(src/robot_description) by extension 'colcon_meta'
[0.355s] Level 1:colcon.colcon_core.package_identification:_identify(src/robot_description) by extensions ['ros']
[0.358s] Level 1:colcon.colcon_core.package_identification:_identify(src/robot_description) by extension 'ros'
[0.368s] DEBUG:colcon.colcon_core.package_identification:Package 'src/robot_description' with type 'ros.ament_cmake' and name 'robot_description'
[0.368s] Level 1:colcon.colcon_core.package_identification:_identify(src/tf_examples) by extensions ['ignore', 'ignore_ament_install']
[0.372s] Level 1:colcon.colcon_core.package_identification:_identify(src/tf_examples) by extension 'ignore'
[0.372s] Level 1:colcon.colcon_core.package_identification:_identify(src/tf_examples) by extension 'ignore_ament_install'
[0.379s] Level 1:colcon.colcon_core.package_identification:_identify(src/tf_examples) by extensions ['colcon_pkg']
[0.383s] Level 1:colcon.colcon_core.package_identification:_identify(src/tf_examples) by extension 'colcon_pkg'
[0.393s] Level 1:colcon.colcon_core.package_identification:_identify(src/tf_examples) by extensions ['colcon_meta']
[0.393s] Level 1:colcon.colcon_core.package_identification:_identify(src/tf_examples) by extension 'colcon_meta'
[0.393s] Level 1:colcon.colcon_core.package_identification:_identify(src/tf_examples) by extensions ['ros']
[0.393s] Level 1:colcon.colcon_core.package_identification:_identify(src/tf_examples) by extension 'ros'
[0.396s] DEBUG:colcon.colcon_core.package_identification:Package 'src/tf_examples' with type 'ros.ament_python' and name 'tf_examples'
[0.399s] Level 1:colcon.colcon_core.package_discovery:discover_packages(recursive) using defaults
[0.402s] Level 1:colcon.colcon_core.package_discovery:discover_packages(ignore) discover
[0.405s] Level 1:colcon.colcon_core.package_discovery:discover_packages(ignore) using defaults
[0.408s] Level 1:colcon.colcon_core.package_discovery:discover_packages(path) discover
[0.412s] Level 1:colcon.colcon_core.package_discovery:discover_packages(path) using defaults
[0.430s] INFO:colcon.colcon_core.package_selection:Skipping not selected package 'robot_description' in 'src/robot_description'
[0.431s] Level 1:colcon.colcon_core.package_discovery:discover_packages(prefix_path) check parameters
[0.434s] Level 1:colcon.colcon_core.package_discovery:discover_packages(prefix_path) discover
[0.454s] DEBUG:colcon.colcon_installed_package_information.package_discovery:Found 4 installed packages in /root/workspaces/turtlebot_ws/install
[0.456s] DEBUG:colcon.colcon_installed_package_information.package_discovery:Found 455 installed packages in /opt/ros/jazzy
[0.459s] Level 1:colcon.colcon_core.package_discovery:discover_packages(prefix_path) using defaults
[0.513s] Level 5:colcon.colcon_core.verb:set package 'tf_examples' build argument 'cmake_args' from command line to 'None'
[0.514s] Level 5:colcon.colcon_core.verb:set package 'tf_examples' build argument 'cmake_target' from command line to 'None'
[0.514s] Level 5:colcon.colcon_core.verb:set package 'tf_examples' build argument 'cmake_target_skip_unavailable' from command line to 'False'
[0.514s] Level 5:colcon.colcon_core.verb:set package 'tf_examples' build argument 'cmake_clean_cache' from command line to 'False'
[0.514s] Level 5:colcon.colcon_core.verb:set package 'tf_examples' build argument 'cmake_clean_first' from command line to 'False'
[0.514s] Level 5:colcon.colcon_core.verb:set package 'tf_examples' build argument 'cmake_force_configure' from command line to 'False'
[0.514s] Level 5:colcon.colcon_core.verb:set package 'tf_examples' build argument 'ament_cmake_args' from command line to 'None'
[0.514s] Level 5:colcon.colcon_core.verb:set package 'tf_examples' build argument 'catkin_cmake_args' from command line to 'None'
[0.514s] Level 5:colcon.colcon_core.verb:set package 'tf_examples' build argument 'catkin_skip_building_tests' from command line to 'False'
[0.514s] DEBUG:colcon.colcon_core.verb:Building package 'tf_examples' with the following arguments: {'ament_cmake_args': None, 'build_base': '/root/workspaces/my_robot_ws/build/tf_examples', 'catkin_cmake_args': None, 'catkin_skip_building_tests': False, 'cmake_args': None, 'cmake_clean_cache': False, 'cmake_clean_first': False, 'cmake_force_configure': False, 'cmake_target': None, 'cmake_target_skip_unavailable': False, 'install_base': '/root/workspaces/my_robot_ws/install/tf_examples', 'merge_install': False, 'path': '/root/workspaces/my_robot_ws/src/tf_examples', 'symlink_install': False, 'test_result_base': None}
[0.514s] INFO:colcon.colcon_core.executor:Executing jobs using 'parallel' executor
[0.519s] DEBUG:colcon.colcon_parallel_executor.executor.parallel:run_until_complete
[0.523s] INFO:colcon.colcon_ros.task.ament_python.build:Building ROS package in '/root/workspaces/my_robot_ws/src/tf_examples' with build type 'ament_python'
[0.526s] Level 1:colcon.colcon_core.shell:create_environment_hook('tf_examples', 'ament_prefix_path')
[0.527s] INFO:colcon.colcon_core.plugin_system:Skipping extension 'colcon_core.shell.bat': Not used on non-Windows systems
[0.527s] INFO:colcon.colcon_core.shell:Creating environment hook '/root/workspaces/my_robot_ws/install/tf_examples/share/tf_examples/hook/ament_prefix_path.ps1'
[0.542s] INFO:colcon.colcon_core.shell:Creating environment descriptor '/root/workspaces/my_robot_ws/install/tf_examples/share/tf_examples/hook/ament_prefix_path.dsv'
[0.555s] INFO:colcon.colcon_core.shell:Creating environment hook '/root/workspaces/my_robot_ws/install/tf_examples/share/tf_examples/hook/ament_prefix_path.sh'
[0.567s] INFO:colcon.colcon_core.shell:Skip shell extension 'powershell' for command environment: Not usable outside of PowerShell
[0.567s] DEBUG:colcon.colcon_core.shell:Skip shell extension 'dsv' for command environment
[0.821s] INFO:colcon.colcon_core.task.python.build:Building Python package in '/root/workspaces/my_robot_ws/src/tf_examples'
[0.822s] INFO:colcon.colcon_core.shell:Skip shell extension 'powershell' for command environment: Not usable outside of PowerShell
[0.822s] DEBUG:colcon.colcon_core.shell:Skip shell extension 'dsv' for command environment
[1.424s] DEBUG:colcon.colcon_core.task.python.build:Available setuptools commands: build_clib, develop, build_ext, install_headers, install_egg_info, alias, install, bdist_rpm, bdist_egg, bdist_dumb, build_py, install_scripts, sdist, bdist, check, upload_docs, extract_messages, dist_info, build_scripts, saveopts, egg_info, bdist_wheel, install_lib, easy_install, init_catalog, compile_catalog, editable_wheel, update_catalog, install_data, setopt, register, test, rotate, build, clean, symlink_data, upload
[1.465s] DEBUG:colcon.colcon_core.event_handler.log_command:Invoking command in '/root/workspaces/my_robot_ws/src/tf_examples': PYTHONPATH=/root/workspaces/my_robot_ws/build/tf_examples/prefix_override:/usr/lib/python3/dist-packages/colcon_core/task/python/colcon_distutils_commands:/root/workspaces/my_robot_ws/install/tf_examples/lib/python3.12/site-packages:${PYTHONPATH} /usr/bin/python3 -W ignore:setup.py install is deprecated -W ignore:easy_install command is deprecated setup.py egg_info --egg-base ../../build/tf_examples build --build-base /root/workspaces/my_robot_ws/build/tf_examples/build install --record /root/workspaces/my_robot_ws/build/tf_examples/install.log --install-scripts $base/lib/tf_examples --single-version-externally-managed install_data
[2.359s] DEBUG:colcon.colcon_core.event_handler.log_command:Invoked command in '/root/workspaces/my_robot_ws/src/tf_examples' returned '0': PYTHONPATH=/root/workspaces/my_robot_ws/build/tf_examples/prefix_override:/usr/lib/python3/dist-packages/colcon_core/task/python/colcon_distutils_commands:/root/workspaces/my_robot_ws/install/tf_examples/lib/python3.12/site-packages:${PYTHONPATH} /usr/bin/python3 -W ignore:setup.py install is deprecated -W ignore:easy_install command is deprecated setup.py egg_info --egg-base ../../build/tf_examples build --build-base /root/workspaces/my_robot_ws/build/tf_examples/build install --record /root/workspaces/my_robot_ws/build/tf_examples/install.log --install-scripts $base/lib/tf_examples --single-version-externally-managed install_data
[2.361s] Level 1:colcon.colcon_core.environment:checking '/root/workspaces/my_robot_ws/install/tf_examples' for CMake module files
[2.369s] Level 1:colcon.colcon_core.environment:checking '/root/workspaces/my_robot_ws/install/tf_examples' for CMake config files
[2.383s] Level 1:colcon.colcon_core.environment:checking '/root/workspaces/my_robot_ws/install/tf_examples/lib'
[2.384s] Level 1:colcon.colcon_core.environment:checking '/root/workspaces/my_robot_ws/install/tf_examples/bin'
[2.389s] Level 1:colcon.colcon_core.environment:checking '/root/workspaces/my_robot_ws/install/tf_examples/lib/pkgconfig/tf_examples.pc'
[2.393s] Level 1:colcon.colcon_core.environment:checking '/root/workspaces/my_robot_ws/install/tf_examples/lib/python3.12/site-packages'
[2.400s] Level 1:colcon.colcon_core.shell:create_environment_hook('tf_examples', 'pythonpath')
[2.403s] INFO:colcon.colcon_core.shell:Creating environment hook '/root/workspaces/my_robot_ws/install/tf_examples/share/tf_examples/hook/pythonpath.ps1'
[2.424s] INFO:colcon.colcon_core.shell:Creating environment descriptor '/root/workspaces/my_robot_ws/install/tf_examples/share/tf_examples/hook/pythonpath.dsv'
[2.441s] INFO:colcon.colcon_core.shell:Creating environment hook '/root/workspaces/my_robot_ws/install/tf_examples/share/tf_examples/hook/pythonpath.sh'
[2.454s] Level 1:colcon.colcon_core.environment:checking '/root/workspaces/my_robot_ws/install/tf_examples/bin'
[2.454s] Level 1:colcon.colcon_core.environment:create_environment_scripts_only(tf_examples)
[2.459s] INFO:colcon.colcon_core.shell:Creating package script '/root/workspaces/my_robot_ws/install/tf_examples/share/tf_examples/package.ps1'
[2.478s] INFO:colcon.colcon_core.shell:Creating package descriptor '/root/workspaces/my_robot_ws/install/tf_examples/share/tf_examples/package.dsv'
[2.494s] INFO:colcon.colcon_core.shell:Creating package script '/root/workspaces/my_robot_ws/install/tf_examples/share/tf_examples/package.sh'
[2.509s] INFO:colcon.colcon_core.shell:Creating package script '/root/workspaces/my_robot_ws/install/tf_examples/share/tf_examples/package.bash'
[2.521s] INFO:colcon.colcon_core.shell:Creating package script '/root/workspaces/my_robot_ws/install/tf_examples/share/tf_examples/package.zsh'
[2.535s] Level 1:colcon.colcon_core.environment:create_file_with_runtime_dependencies(/root/workspaces/my_robot_ws/install/tf_examples/share/colcon-core/packages/tf_examples)
[2.548s] DEBUG:colcon.colcon_parallel_executor.executor.parallel:closing loop
[2.549s] DEBUG:colcon.colcon_parallel_executor.executor.parallel:loop closed
[2.552s] DEBUG:colcon.colcon_parallel_executor.executor.parallel:run_until_complete finished with '0'
[2.552s] DEBUG:colcon.colcon_core.event_reactor:joining thread
[2.580s] INFO:colcon.colcon_core.plugin_system:Skipping extension 'colcon_notification.desktop_notification.notify_send': Could not find 'notify-send'
[2.580s] INFO:colcon.colcon_core.plugin_system:Skipping extension 'colcon_notification.desktop_notification.terminal_notifier': Not used on non-Darwin systems
[2.591s] INFO:colcon.colcon_core.plugin_system:Skipping extension 'colcon_notification.desktop_notification.win32': Not used on non-Windows systems
[2.599s] INFO:colcon.colcon_notification.desktop_notification:Sending desktop notification using 'notify2'
[2.607s] DEBUG:colcon.colcon_notification.desktop_notification.notify2:Failed to initialize notify2: org.freedesktop.DBus.Error.Spawn.ExecFailed: /usr/bin/dbus-launch terminated abnormally without any error message
[2.607s] DEBUG:colcon.colcon_core.event_reactor:joined thread
[2.611s] INFO:colcon.colcon_core.shell:Creating prefix script '/root/workspaces/my_robot_ws/install/local_setup.ps1'
[2.638s] INFO:colcon.colcon_core.shell:Creating prefix util module '/root/workspaces/my_robot_ws/install/_local_setup_util_ps1.py'
[2.657s] INFO:colcon.colcon_core.shell:Creating prefix chain script '/root/workspaces/my_robot_ws/install/setup.ps1'
[2.680s] INFO:colcon.colcon_core.shell:Creating prefix script '/root/workspaces/my_robot_ws/install/local_setup.sh'
[2.698s] INFO:colcon.colcon_core.shell:Creating prefix util module '/root/workspaces/my_robot_ws/install/_local_setup_util_sh.py'
[2.716s] INFO:colcon.colcon_core.shell:Creating prefix chain script '/root/workspaces/my_robot_ws/install/setup.sh'
[2.743s] INFO:colcon.colcon_core.shell:Creating prefix script '/root/workspaces/my_robot_ws/install/local_setup.bash'
[2.757s] INFO:colcon.colcon_core.shell:Creating prefix chain script '/root/workspaces/my_robot_ws/install/setup.bash'
[2.777s] INFO:colcon.colcon_core.shell:Creating prefix script '/root/workspaces/my_robot_ws/install/local_setup.zsh'
[2.794s] INFO:colcon.colcon_core.shell:Creating prefix chain script '/root/workspaces/my_robot_ws/install/setup.zsh'
