[0.144s] Invoking command in '/root/workspaces/my_robot_ws/build/robot_description': CMAKE_PREFIX_PATH=${CMAKE_PREFIX_PATH}:/opt/ros/jazzy /usr/bin/cmake --build /root/workspaces/my_robot_ws/build/robot_description -- -j4 -l4
[0.293s] Invoked command in '/root/workspaces/my_robot_ws/build/robot_description' returned '0': CMAKE_PREFIX_PATH=${CMAKE_PREFIX_PATH}:/opt/ros/jazzy /usr/bin/cmake --build /root/workspaces/my_robot_ws/build/robot_description -- -j4 -l4
[0.335s] Invoking command in '/root/workspaces/my_robot_ws/build/robot_description': CMAKE_PREFIX_PATH=${CMAKE_PREFIX_PATH}:/opt/ros/jazzy /usr/bin/cmake --install /root/workspaces/my_robot_ws/build/robot_description
[0.373s] -- Install configuration: ""
[0.373s] -- Up-to-date: /root/workspaces/my_robot_ws/install/robot_description/share/robot_description/urdf
[0.396s] -- Up-to-date: /root/workspaces/my_robot_ws/install/robot_description/share/robot_description/urdf/robot.urdf.xacro
[0.417s] -- Up-to-date: /root/workspaces/my_robot_ws/install/robot_description/share/robot_description/urdf/robot.gazebo.xacro
[0.434s] -- Up-to-date: /root/workspaces/my_robot_ws/install/robot_description/share/robot_description/meshes
[0.451s] -- Up-to-date: /root/workspaces/my_robot_ws/install/robot_description/share/robot_description/meshes/zed.stl
[0.472s] -- Up-to-date: /root/workspaces/my_robot_ws/install/robot_description/share/robot_description/meshes/lidar.STL
[0.472s] -- Up-to-date: /root/workspaces/my_robot_ws/install/robot_description/share/robot_description/launch
[0.472s] -- Installing: /root/workspaces/my_robot_ws/install/robot_description/share/robot_description/launch/gazebo.launch.py
[0.493s] -- Up-to-date: /root/workspaces/my_robot_ws/install/robot_description/share/robot_description/launch/display.launch.py
[0.503s] -- Up-to-date: /root/workspaces/my_robot_ws/install/robot_description/share/robot_description/config
[0.521s] -- Up-to-date: /root/workspaces/my_robot_ws/install/robot_description/share/robot_description/config/gz_bridge.yaml
[0.522s] -- Up-to-date: /root/workspaces/my_robot_ws/install/robot_description/share/robot_description/rviz
[0.537s] -- Up-to-date: /root/workspaces/my_robot_ws/install/robot_description/share/robot_description/rviz/robot_view.rviz
[0.562s] -- Up-to-date: /root/workspaces/my_robot_ws/install/robot_description/share/ament_index/resource_index/package_run_dependencies/robot_description
[0.578s] -- Up-to-date: /root/workspaces/my_robot_ws/install/robot_description/share/ament_index/resource_index/parent_prefix_path/robot_description
[0.595s] -- Up-to-date: /root/workspaces/my_robot_ws/install/robot_description/share/robot_description/environment/ament_prefix_path.sh
[0.611s] -- Up-to-date: /root/workspaces/my_robot_ws/install/robot_description/share/robot_description/environment/ament_prefix_path.dsv
[0.629s] -- Up-to-date: /root/workspaces/my_robot_ws/install/robot_description/share/robot_description/environment/path.sh
[0.645s] -- Up-to-date: /root/workspaces/my_robot_ws/install/robot_description/share/robot_description/environment/path.dsv
[0.658s] -- Up-to-date: /root/workspaces/my_robot_ws/install/robot_description/share/robot_description/local_setup.bash
[0.662s] -- Up-to-date: /root/workspaces/my_robot_ws/install/robot_description/share/robot_description/local_setup.sh
[0.683s] -- Up-to-date: /root/workspaces/my_robot_ws/install/robot_description/share/robot_description/local_setup.zsh
[0.704s] -- Up-to-date: /root/workspaces/my_robot_ws/install/robot_description/share/robot_description/local_setup.dsv
[0.723s] -- Installing: /root/workspaces/my_robot_ws/install/robot_description/share/robot_description/package.dsv
[0.741s] -- Up-to-date: /root/workspaces/my_robot_ws/install/robot_description/share/ament_index/resource_index/packages/robot_description
[0.761s] -- Up-to-date: /root/workspaces/my_robot_ws/install/robot_description/share/robot_description/cmake/robot_descriptionConfig.cmake
[0.782s] -- Up-to-date: /root/workspaces/my_robot_ws/install/robot_description/share/robot_description/cmake/robot_descriptionConfig-version.cmake
[0.799s] -- Up-to-date: /root/workspaces/my_robot_ws/install/robot_description/share/robot_description/package.xml
[0.799s] Invoked command in '/root/workspaces/my_robot_ws/build/robot_description' returned '0': CMAKE_PREFIX_PATH=${CMAKE_PREFIX_PATH}:/opt/ros/jazzy /usr/bin/cmake --install /root/workspaces/my_robot_ws/build/robot_description
