[0.119s] Invoking command in '/root/workspaces/my_robot_ws/build/robot_description': CMAKE_PREFIX_PATH=${CMAKE_PREFIX_PATH}:/opt/ros/jazzy /usr/bin/cmake --build /root/workspaces/my_robot_ws/build/robot_description -- -j4 -l4
[0.260s] Invoked command in '/root/workspaces/my_robot_ws/build/robot_description' returned '0': CMAKE_PREFIX_PATH=${CMAKE_PREFIX_PATH}:/opt/ros/jazzy /usr/bin/cmake --build /root/workspaces/my_robot_ws/build/robot_description -- -j4 -l4
[0.289s] Invoking command in '/root/workspaces/my_robot_ws/build/robot_description': CMAKE_PREFIX_PATH=${CMAKE_PREFIX_PATH}:/opt/ros/jazzy /usr/bin/cmake --install /root/workspaces/my_robot_ws/build/robot_description
[0.323s] -- Install configuration: ""
[0.341s] -- Up-to-date: /root/workspaces/my_robot_ws/install/robot_description/share/robot_description/urdf
[0.361s] -- Up-to-date: /root/workspaces/my_robot_ws/install/robot_description/share/robot_description/urdf/robot.urdf.xacro
[0.368s] -- Installing: /root/workspaces/my_robot_ws/install/robot_description/share/robot_description/urdf/robot.gazebo.xacro
[0.387s] -- Up-to-date: /root/workspaces/my_robot_ws/install/robot_description/share/robot_description/meshes
[0.404s] -- Up-to-date: /root/workspaces/my_robot_ws/install/robot_description/share/robot_description/meshes/zed.stl
[0.427s] -- Up-to-date: /root/workspaces/my_robot_ws/install/robot_description/share/robot_description/meshes/lidar.STL
[0.442s] -- Up-to-date: /root/workspaces/my_robot_ws/install/robot_description/share/robot_description/launch
[0.449s] -- Up-to-date: /root/workspaces/my_robot_ws/install/robot_description/share/robot_description/launch/gazebo.launch.py
[0.449s] -- Up-to-date: /root/workspaces/my_robot_ws/install/robot_description/share/robot_description/launch/display.launch.py
[0.449s] -- Up-to-date: /root/workspaces/my_robot_ws/install/robot_description/share/robot_description/config
[0.449s] -- Installing: /root/workspaces/my_robot_ws/install/robot_description/share/robot_description/config/gz_bridge.yaml
[0.483s] -- Up-to-date: /root/workspaces/my_robot_ws/install/robot_description/share/robot_description/rviz
[0.496s] -- Up-to-date: /root/workspaces/my_robot_ws/install/robot_description/share/robot_description/rviz/robot_view.rviz
[0.517s] -- Up-to-date: /root/workspaces/my_robot_ws/install/robot_description/share/ament_index/resource_index/package_run_dependencies/robot_description
[0.536s] -- Up-to-date: /root/workspaces/my_robot_ws/install/robot_description/share/ament_index/resource_index/parent_prefix_path/robot_description
[0.555s] -- Up-to-date: /root/workspaces/my_robot_ws/install/robot_description/share/robot_description/environment/ament_prefix_path.sh
[0.569s] -- Up-to-date: /root/workspaces/my_robot_ws/install/robot_description/share/robot_description/environment/ament_prefix_path.dsv
[0.591s] -- Up-to-date: /root/workspaces/my_robot_ws/install/robot_description/share/robot_description/environment/path.sh
[0.605s] -- Up-to-date: /root/workspaces/my_robot_ws/install/robot_description/share/robot_description/environment/path.dsv
[0.617s] -- Up-to-date: /root/workspaces/my_robot_ws/install/robot_description/share/robot_description/local_setup.bash
[0.620s] -- Up-to-date: /root/workspaces/my_robot_ws/install/robot_description/share/robot_description/local_setup.sh
[0.620s] -- Up-to-date: /root/workspaces/my_robot_ws/install/robot_description/share/robot_description/local_setup.zsh
[0.620s] -- Up-to-date: /root/workspaces/my_robot_ws/install/robot_description/share/robot_description/local_setup.dsv
[0.620s] -- Installing: /root/workspaces/my_robot_ws/install/robot_description/share/robot_description/package.dsv
[0.620s] -- Up-to-date: /root/workspaces/my_robot_ws/install/robot_description/share/ament_index/resource_index/packages/robot_description
[0.621s] -- Up-to-date: /root/workspaces/my_robot_ws/install/robot_description/share/robot_description/cmake/robot_descriptionConfig.cmake
[0.621s] -- Up-to-date: /root/workspaces/my_robot_ws/install/robot_description/share/robot_description/cmake/robot_descriptionConfig-version.cmake
[0.621s] -- Up-to-date: /root/workspaces/my_robot_ws/install/robot_description/share/robot_description/package.xml
[0.639s] Invoked command in '/root/workspaces/my_robot_ws/build/robot_description' returned '0': CMAKE_PREFIX_PATH=${CMAKE_PREFIX_PATH}:/opt/ros/jazzy /usr/bin/cmake --install /root/workspaces/my_robot_ws/build/robot_description
