[0.181s] Invoking command in '/root/workspaces/my_robot_ws/build/robot_description': CMAKE_PREFIX_PATH=${CMAKE_PREFIX_PATH}:/opt/ros/jazzy /usr/bin/cmake --build /root/workspaces/my_robot_ws/build/robot_description -- -j4 -l4
[0.334s] Invoked command in '/root/workspaces/my_robot_ws/build/robot_description' returned '0': CMAKE_PREFIX_PATH=${CMAKE_PREFIX_PATH}:/opt/ros/jazzy /usr/bin/cmake --build /root/workspaces/my_robot_ws/build/robot_description -- -j4 -l4
[0.375s] Invoking command in '/root/workspaces/my_robot_ws/build/robot_description': CMAKE_PREFIX_PATH=${CMAKE_PREFIX_PATH}:/opt/ros/jazzy /usr/bin/cmake --install /root/workspaces/my_robot_ws/build/robot_description
[0.422s] -- Install configuration: ""
[0.445s] -- Up-to-date: /root/workspaces/my_robot_ws/install/robot_description/share/robot_description/urdf
[0.449s] -- Installing: /root/workspaces/my_robot_ws/install/robot_description/share/robot_description/urdf/robot.urdf.xacro
[0.500s] -- Up-to-date: /root/workspaces/my_robot_ws/install/robot_description/share/robot_description/urdf/robot.gazebo.xacro
[0.517s] -- Up-to-date: /root/workspaces/my_robot_ws/install/robot_description/share/robot_description/meshes
[0.539s] -- Up-to-date: /root/workspaces/my_robot_ws/install/robot_description/share/robot_description/meshes/zed.stl
[0.572s] -- Up-to-date: /root/workspaces/my_robot_ws/install/robot_description/share/robot_description/meshes/lidar.STL
[0.597s] -- Up-to-date: /root/workspaces/my_robot_ws/install/robot_description/share/robot_description/launch
[0.601s] -- Up-to-date: /root/workspaces/my_robot_ws/install/robot_description/share/robot_description/launch/gazebo.launch.py
[0.605s] -- Up-to-date: /root/workspaces/my_robot_ws/install/robot_description/share/robot_description/launch/display.launch.py
[0.605s] -- Up-to-date: /root/workspaces/my_robot_ws/install/robot_description/share/robot_description/config
[0.605s] -- Up-to-date: /root/workspaces/my_robot_ws/install/robot_description/share/robot_description/config/gz_bridge.yaml
[0.605s] -- Up-to-date: /root/workspaces/my_robot_ws/install/robot_description/share/robot_description/rviz
[0.625s] -- Up-to-date: /root/workspaces/my_robot_ws/install/robot_description/share/robot_description/rviz/robot_view.rviz
[0.642s] -- Up-to-date: /root/workspaces/my_robot_ws/install/robot_description/share/ament_index/resource_index/package_run_dependencies/robot_description
[0.661s] -- Up-to-date: /root/workspaces/my_robot_ws/install/robot_description/share/ament_index/resource_index/parent_prefix_path/robot_description
[0.677s] -- Up-to-date: /root/workspaces/my_robot_ws/install/robot_description/share/robot_description/environment/ament_prefix_path.sh
[0.695s] -- Up-to-date: /root/workspaces/my_robot_ws/install/robot_description/share/robot_description/environment/ament_prefix_path.dsv
[0.718s] -- Up-to-date: /root/workspaces/my_robot_ws/install/robot_description/share/robot_description/environment/path.sh
[0.743s] -- Up-to-date: /root/workspaces/my_robot_ws/install/robot_description/share/robot_description/environment/path.dsv
[0.766s] -- Up-to-date: /root/workspaces/my_robot_ws/install/robot_description/share/robot_description/local_setup.bash
[0.794s] -- Up-to-date: /root/workspaces/my_robot_ws/install/robot_description/share/robot_description/local_setup.sh
[0.821s] -- Up-to-date: /root/workspaces/my_robot_ws/install/robot_description/share/robot_description/local_setup.zsh
[0.841s] -- Up-to-date: /root/workspaces/my_robot_ws/install/robot_description/share/robot_description/local_setup.dsv
[0.861s] -- Installing: /root/workspaces/my_robot_ws/install/robot_description/share/robot_description/package.dsv
[0.891s] -- Up-to-date: /root/workspaces/my_robot_ws/install/robot_description/share/ament_index/resource_index/packages/robot_description
[0.912s] -- Up-to-date: /root/workspaces/my_robot_ws/install/robot_description/share/robot_description/cmake/robot_descriptionConfig.cmake
[0.936s] -- Up-to-date: /root/workspaces/my_robot_ws/install/robot_description/share/robot_description/cmake/robot_descriptionConfig-version.cmake
[0.943s] -- Up-to-date: /root/workspaces/my_robot_ws/install/robot_description/share/robot_description/package.xml
[0.943s] Invoked command in '/root/workspaces/my_robot_ws/build/robot_description' returned '0': CMAKE_PREFIX_PATH=${CMAKE_PREFIX_PATH}:/opt/ros/jazzy /usr/bin/cmake --install /root/workspaces/my_robot_ws/build/robot_description
