[0.199s] Invoking command in '/root/workspaces/my_robot_ws/build/robot_description': CMAKE_PREFIX_PATH=${CMAKE_PREFIX_PATH}:/opt/ros/jazzy /usr/bin/cmake /root/workspaces/my_robot_ws/src/robot_description -DCMAKE_INSTALL_PREFIX=/root/workspaces/my_robot_ws/install/robot_description
[0.439s] -- The C compiler identification is GNU 13.3.0
[0.681s] -- The CXX compiler identification is GNU 13.3.0
[0.752s] -- Detecting C compiler ABI info
[1.566s] -- Detecting C compiler ABI info - done
[1.578s] -- Check for working C compiler: /usr/bin/cc - skipped
[1.580s] -- Detecting C compile features
[1.580s] -- Detecting C compile features - done
[1.651s] -- Detecting CXX compiler ABI info
[2.415s] -- Detecting CXX compiler ABI info - done
[2.427s] -- Check for working CXX compiler: /usr/bin/c++ - skipped
[2.429s] -- Detecting CXX compile features
[2.429s] -- Detecting CXX compile features - done
[2.533s] -- Found ament_cmake: 2.5.6 (/opt/ros/jazzy/share/ament_cmake/cmake)
[2.812s] -- Found Python3: /usr/bin/python3 (found version "3.12.3") found components: Interpreter 
[3.685s] -- Found ament_lint_auto: 0.17.5 (/opt/ros/jazzy/share/ament_lint_auto/cmake)
[4.390s] -- Added test 'flake8' to check Python code syntax and style conventions
[4.397s] -- Configured 'flake8' exclude dirs and/or files: 
[4.412s] -- Added test 'lint_cmake' to check CMake code style
[4.427s] -- Added test 'pep257' to check Python code against some of the docstring style conventions in PEP 257
[4.479s] -- Added test 'xmllint' to check XML markup files
[4.628s] -- Configuring done (4.4s)
[5.128s] -- Generating done (0.5s)
[5.359s] -- Build files have been written to: /root/workspaces/my_robot_ws/build/robot_description
[5.364s] Invoked command in '/root/workspaces/my_robot_ws/build/robot_description' returned '0': CMAKE_PREFIX_PATH=${CMAKE_PREFIX_PATH}:/opt/ros/jazzy /usr/bin/cmake /root/workspaces/my_robot_ws/src/robot_description -DCMAKE_INSTALL_PREFIX=/root/workspaces/my_robot_ws/install/robot_description
[5.367s] Invoking command in '/root/workspaces/my_robot_ws/build/robot_description': CMAKE_PREFIX_PATH=${CMAKE_PREFIX_PATH}:/opt/ros/jazzy /usr/bin/cmake --build /root/workspaces/my_robot_ws/build/robot_description -- -j4 -l4
[5.436s] Invoked command in '/root/workspaces/my_robot_ws/build/robot_description' returned '0': CMAKE_PREFIX_PATH=${CMAKE_PREFIX_PATH}:/opt/ros/jazzy /usr/bin/cmake --build /root/workspaces/my_robot_ws/build/robot_description -- -j4 -l4
[5.458s] Invoking command in '/root/workspaces/my_robot_ws/build/robot_description': CMAKE_PREFIX_PATH=${CMAKE_PREFIX_PATH}:/opt/ros/jazzy /usr/bin/cmake --install /root/workspaces/my_robot_ws/build/robot_description
[5.478s] -- Install configuration: ""
[5.489s] -- Installing: /root/workspaces/my_robot_ws/install/robot_description/share/robot_description/urdf
[5.505s] -- Installing: /root/workspaces/my_robot_ws/install/robot_description/share/robot_description/urdf/robot.urdf.xacro
[5.541s] -- Installing: /root/workspaces/my_robot_ws/install/robot_description/share/robot_description/meshes
[5.560s] -- Installing: /root/workspaces/my_robot_ws/install/robot_description/share/robot_description/meshes/zed.stl
[5.656s] -- Installing: /root/workspaces/my_robot_ws/install/robot_description/share/robot_description/meshes/lidar.STL
[7.688s] -- Installing: /root/workspaces/my_robot_ws/install/robot_description/share/robot_description/launch
[7.704s] -- Installing: /root/workspaces/my_robot_ws/install/robot_description/share/robot_description/launch/display.launch.py
[7.758s] -- Installing: /root/workspaces/my_robot_ws/install/robot_description/share/ament_index/resource_index/package_run_dependencies/robot_description
[7.806s] -- Installing: /root/workspaces/my_robot_ws/install/robot_description/share/ament_index/resource_index/parent_prefix_path/robot_description
[7.847s] -- Installing: /root/workspaces/my_robot_ws/install/robot_description/share/robot_description/environment/ament_prefix_path.sh
[7.882s] -- Installing: /root/workspaces/my_robot_ws/install/robot_description/share/robot_description/environment/ament_prefix_path.dsv
[7.916s] -- Installing: /root/workspaces/my_robot_ws/install/robot_description/share/robot_description/environment/path.sh
[7.950s] -- Installing: /root/workspaces/my_robot_ws/install/robot_description/share/robot_description/environment/path.dsv
[7.985s] -- Installing: /root/workspaces/my_robot_ws/install/robot_description/share/robot_description/local_setup.bash
[8.022s] -- Installing: /root/workspaces/my_robot_ws/install/robot_description/share/robot_description/local_setup.sh
[8.059s] -- Installing: /root/workspaces/my_robot_ws/install/robot_description/share/robot_description/local_setup.zsh
[8.095s] -- Installing: /root/workspaces/my_robot_ws/install/robot_description/share/robot_description/local_setup.dsv
[8.130s] -- Installing: /root/workspaces/my_robot_ws/install/robot_description/share/robot_description/package.dsv
[8.175s] -- Installing: /root/workspaces/my_robot_ws/install/robot_description/share/ament_index/resource_index/packages/robot_description
[8.217s] -- Installing: /root/workspaces/my_robot_ws/install/robot_description/share/robot_description/cmake/robot_descriptionConfig.cmake
[8.254s] -- Installing: /root/workspaces/my_robot_ws/install/robot_description/share/robot_description/cmake/robot_descriptionConfig-version.cmake
[8.290s] -- Installing: /root/workspaces/my_robot_ws/install/robot_description/share/robot_description/package.xml
[8.341s] Invoked command in '/root/workspaces/my_robot_ws/build/robot_description' returned '0': CMAKE_PREFIX_PATH=${CMAKE_PREFIX_PATH}:/opt/ros/jazzy /usr/bin/cmake --install /root/workspaces/my_robot_ws/build/robot_description
