-- Found ament_cmake: 2.5.6 (/opt/ros/jazzy/share/ament_cmake/cmake)
-- Found ament_lint_auto: 0.17.5 (/opt/ros/jazzy/share/ament_lint_auto/cmake)
-- Added test 'flake8' to check Python code syntax and style conventions
-- Configured 'flake8' exclude dirs and/or files: 
-- Added test 'lint_cmake' to check CMake code style
-- Added test 'pep257' to check Python code against some of the docstring style conventions in PEP 257
-- Added test 'xmllint' to check XML markup files
-- Configuring done (0.8s)
-- Generating done (0.4s)
-- Build files have been written to: /root/workspaces/my_robot_ws/build/robot_description
-- Install configuration: ""
-- Up-to-date: /root/workspaces/my_robot_ws/install/robot_description/share/robot_description/urdf
-- Installing: /root/workspaces/my_robot_ws/install/robot_description/share/robot_description/urdf/robot.urdf.xacro
-- Installing: /root/workspaces/my_robot_ws/install/robot_description/share/robot_description/urdf/robot.gazebo.xacro
-- Up-to-date: /root/workspaces/my_robot_ws/install/robot_description/share/robot_description/meshes
-- Up-to-date: /root/workspaces/my_robot_ws/install/robot_description/share/robot_description/meshes/zed.stl
-- Up-to-date: /root/workspaces/my_robot_ws/install/robot_description/share/robot_description/meshes/lidar.STL
-- Up-to-date: /root/workspaces/my_robot_ws/install/robot_description/share/robot_description/launch
-- Installing: /root/workspaces/my_robot_ws/install/robot_description/share/robot_description/launch/gazebo.launch.py
-- Installing: /root/workspaces/my_robot_ws/install/robot_description/share/robot_description/launch/display.launch.py
-- Installing: /root/workspaces/my_robot_ws/install/robot_description/share/robot_description/config
-- Installing: /root/workspaces/my_robot_ws/install/robot_description/share/robot_description/config/gz_bridge.yaml
[31mCMake Error at cmake_install.cmake:46 (file):
  file INSTALL cannot find
  "/root/workspaces/my_robot_ws/src/robot_description/rviz": No such file or
  directory.

[0m
