[0.132s] Invoking command in '/root/workspaces/my_robot_ws/build/robot_description': CMAKE_PREFIX_PATH=${CMAKE_PREFIX_PATH}:/opt/ros/jazzy /usr/bin/cmake --build /root/workspaces/my_robot_ws/build/robot_description -- -j4 -l4
[0.204s] -- Found ament_cmake: 2.5.6 (/opt/ros/jazzy/share/ament_cmake/cmake)
[0.560s] -- Found ament_lint_auto: 0.17.5 (/opt/ros/jazzy/share/ament_lint_auto/cmake)
[0.851s] -- Added test 'flake8' to check Python code syntax and style conventions
[0.862s] -- Configured 'flake8' exclude dirs and/or files: 
[0.865s] -- Added test 'lint_cmake' to check CMake code style
[0.876s] -- Added test 'pep257' to check Python code against some of the docstring style conventions in PEP 257
[0.919s] -- Added test 'xmllint' to check XML markup files
[0.986s] -- Configuring done (0.8s)
[1.422s] -- Generating done (0.4s)
[1.659s] -- Build files have been written to: /root/workspaces/my_robot_ws/build/robot_description
[1.685s] Invoked command in '/root/workspaces/my_robot_ws/build/robot_description' returned '0': CMAKE_PREFIX_PATH=${CMAKE_PREFIX_PATH}:/opt/ros/jazzy /usr/bin/cmake --build /root/workspaces/my_robot_ws/build/robot_description -- -j4 -l4
[1.712s] Invoking command in '/root/workspaces/my_robot_ws/build/robot_description': CMAKE_PREFIX_PATH=${CMAKE_PREFIX_PATH}:/opt/ros/jazzy /usr/bin/cmake --install /root/workspaces/my_robot_ws/build/robot_description
[1.736s] -- Install configuration: ""
[1.745s] -- Up-to-date: /root/workspaces/my_robot_ws/install/robot_description/share/robot_description/urdf
[1.759s] -- Installing: /root/workspaces/my_robot_ws/install/robot_description/share/robot_description/urdf/robot.urdf.xacro
[1.790s] -- Installing: /root/workspaces/my_robot_ws/install/robot_description/share/robot_description/urdf/robot.gazebo.xacro
[1.827s] -- Up-to-date: /root/workspaces/my_robot_ws/install/robot_description/share/robot_description/meshes
[1.837s] -- Up-to-date: /root/workspaces/my_robot_ws/install/robot_description/share/robot_description/meshes/zed.stl
[1.851s] -- Up-to-date: /root/workspaces/my_robot_ws/install/robot_description/share/robot_description/meshes/lidar.STL
[1.866s] -- Up-to-date: /root/workspaces/my_robot_ws/install/robot_description/share/robot_description/launch
[1.879s] -- Installing: /root/workspaces/my_robot_ws/install/robot_description/share/robot_description/launch/gazebo.launch.py
[1.898s] -- Installing: /root/workspaces/my_robot_ws/install/robot_description/share/robot_description/launch/display.launch.py
[1.959s] -- Installing: /root/workspaces/my_robot_ws/install/robot_description/share/robot_description/config
[1.972s] -- Installing: /root/workspaces/my_robot_ws/install/robot_description/share/robot_description/config/gz_bridge.yaml
[2.008s] [31mCMake Error at cmake_install.cmake:46 (file):
[2.018s]   file INSTALL cannot find
[2.025s]   "/root/workspaces/my_robot_ws/src/robot_description/rviz": No such file or
[2.025s]   directory.
[2.025s] 
[2.025s] [0m
[2.025s] Invoked command in '/root/workspaces/my_robot_ws/build/robot_description' returned '1': CMAKE_PREFIX_PATH=${CMAKE_PREFIX_PATH}:/opt/ros/jazzy /usr/bin/cmake --install /root/workspaces/my_robot_ws/build/robot_description
