[0.129s] DEBUG:colcon:Command line arguments: ['/usr/bin/colcon', 'build', '--packages-select', 'tf_examples']
[0.129s] DEBUG:colcon:Parsed command line arguments: Namespace(log_base=None, log_level=None, verb_name='build', build_base='build', install_base='install', merge_install=False, symlink_install=False, test_result_base=None, continue_on_error=False, executor='parallel', parallel_workers=4, event_handlers=None, ignore_user_meta=False, metas=['./colcon.meta'], base_paths=['.'], packages_ignore=None, packages_ignore_regex=None, paths=None, packages_up_to=None, packages_up_to_regex=None, packages_above=None, packages_above_and_dependencies=None, packages_above_depth=None, packages_select_by_dep=None, packages_skip_by_dep=None, packages_skip_up_to=None, packages_select_build_failed=False, packages_skip_build_finished=False, packages_select_test_failures=False, packages_skip_test_passed=False, packages_select=['tf_examples'], packages_skip=None, packages_select_regex=None, packages_skip_regex=None, packages_start=None, packages_end=None, allow_overriding=[], cmake_args=None, cmake_target=None, cmake_target_skip_unavailable=False, cmake_clean_cache=False, cmake_clean_first=False, cmake_force_configure=False, ament_cmake_args=None, catkin_cmake_args=None, catkin_skip_building_tests=False, verb_parser=<colcon_defaults.argument_parser.defaults.DefaultArgumentsDecorator object at 0x7f35bc0d13d0>, verb_extension=<colcon_core.verb.build.BuildVerb object at 0x7f35bc0d11c0>, main=<bound method BuildVerb.main of <colcon_core.verb.build.BuildVerb object at 0x7f35bc0d11c0>>)
[0.180s] Level 1:colcon.colcon_core.package_discovery:discover_packages(colcon_meta) check parameters
[0.181s] Level 1:colcon.colcon_core.package_discovery:discover_packages(recursive) check parameters
[0.181s] Level 1:colcon.colcon_core.package_discovery:discover_packages(ignore) check parameters
[0.181s] Level 1:colcon.colcon_core.package_discovery:discover_packages(path) check parameters
[0.181s] Level 1:colcon.colcon_core.package_discovery:discover_packages(colcon_meta) discover
[0.181s] Level 1:colcon.colcon_core.package_discovery:discover_packages(recursive) discover
[0.181s] INFO:colcon.colcon_core.package_discovery:Crawling recursively for packages in '/root/workspaces/my_robot_ws'
[0.182s] Level 1:colcon.colcon_core.package_identification:_identify(.) by extensions ['ignore', 'ignore_ament_install']
[0.185s] Level 1:colcon.colcon_core.package_identification:_identify(.) by extension 'ignore'
[0.191s] Level 1:colcon.colcon_core.package_identification:_identify(.) by extension 'ignore_ament_install'
[0.194s] Level 1:colcon.colcon_core.package_identification:_identify(.) by extensions ['colcon_pkg']
[0.201s] Level 1:colcon.colcon_core.package_identification:_identify(.) by extension 'colcon_pkg'
[0.204s] Level 1:colcon.colcon_core.package_identification:_identify(.) by extensions ['colcon_meta']
[0.207s] Level 1:colcon.colcon_core.package_identification:_identify(.) by extension 'colcon_meta'
[0.211s] Level 1:colcon.colcon_core.package_identification:_identify(.) by extensions ['ros']
[0.217s] Level 1:colcon.colcon_core.package_identification:_identify(.) by extension 'ros'
[0.246s] Level 1:colcon.colcon_core.package_identification:_identify(.) by extensions ['cmake', 'python']
[0.246s] Level 1:colcon.colcon_core.package_identification:_identify(.) by extension 'cmake'
[0.246s] Level 1:colcon.colcon_core.package_identification:_identify(.) by extension 'python'
[0.250s] Level 1:colcon.colcon_core.package_identification:_identify(.) by extensions ['python_setup_py']
[0.253s] Level 1:colcon.colcon_core.package_identification:_identify(.) by extension 'python_setup_py'
[0.271s] Level 1:colcon.colcon_core.package_identification:_identify(build) by extensions ['ignore', 'ignore_ament_install']
[0.271s] Level 1:colcon.colcon_core.package_identification:_identify(build) by extension 'ignore'
[0.275s] Level 1:colcon.colcon_core.package_identification:_identify(build) ignored
[0.280s] Level 1:colcon.colcon_core.package_identification:_identify(install) by extensions ['ignore', 'ignore_ament_install']
[0.283s] Level 1:colcon.colcon_core.package_identification:_identify(install) by extension 'ignore'
[0.289s] Level 1:colcon.colcon_core.package_identification:_identify(install) ignored
[0.295s] Level 1:colcon.colcon_core.package_identification:_identify(log) by extensions ['ignore', 'ignore_ament_install']
[0.296s] Level 1:colcon.colcon_core.package_identification:_identify(log) by extension 'ignore'
[0.303s] Level 1:colcon.colcon_core.package_identification:_identify(log) ignored
[0.307s] Level 1:colcon.colcon_core.package_identification:_identify(src) by extensions ['ignore', 'ignore_ament_install']
[0.310s] Level 1:colcon.colcon_core.package_identification:_identify(src) by extension 'ignore'
[0.313s] Level 1:colcon.colcon_core.package_identification:_identify(src) by extension 'ignore_ament_install'
[0.316s] Level 1:colcon.colcon_core.package_identification:_identify(src) by extensions ['colcon_pkg']
[0.320s] Level 1:colcon.colcon_core.package_identification:_identify(src) by extension 'colcon_pkg'
[0.324s] Level 1:colcon.colcon_core.package_identification:_identify(src) by extensions ['colcon_meta']
[0.327s] Level 1:colcon.colcon_core.package_identification:_identify(src) by extension 'colcon_meta'
[0.331s] Level 1:colcon.colcon_core.package_identification:_identify(src) by extensions ['ros']
[0.334s] Level 1:colcon.colcon_core.package_identification:_identify(src) by extension 'ros'
[0.337s] Level 1:colcon.colcon_core.package_identification:_identify(src) by extensions ['cmake', 'python']
[0.340s] Level 1:colcon.colcon_core.package_identification:_identify(src) by extension 'cmake'
[0.344s] Level 1:colcon.colcon_core.package_identification:_identify(src) by extension 'python'
[0.348s] Level 1:colcon.colcon_core.package_identification:_identify(src) by extensions ['python_setup_py']
[0.351s] Level 1:colcon.colcon_core.package_identification:_identify(src) by extension 'python_setup_py'
[0.355s] Level 1:colcon.colcon_core.package_identification:_identify(src/robot_description) by extensions ['ignore', 'ignore_ament_install']
[0.361s] Level 1:colcon.colcon_core.package_identification:_identify(src/robot_description) by extension 'ignore'
[0.369s] Level 1:colcon.colcon_core.package_identification:_identify(src/robot_description) by extension 'ignore_ament_install'
[0.385s] Level 1:colcon.colcon_core.package_identification:_identify(src/robot_description) by extensions ['colcon_pkg']
[0.389s] Level 1:colcon.colcon_core.package_identification:_identify(src/robot_description) by extension 'colcon_pkg'
[0.389s] Level 1:colcon.colcon_core.package_identification:_identify(src/robot_description) by extensions ['colcon_meta']
[0.389s] Level 1:colcon.colcon_core.package_identification:_identify(src/robot_description) by extension 'colcon_meta'
[0.389s] Level 1:colcon.colcon_core.package_identification:_identify(src/robot_description) by extensions ['ros']
[0.389s] Level 1:colcon.colcon_core.package_identification:_identify(src/robot_description) by extension 'ros'
[0.395s] DEBUG:colcon.colcon_core.package_identification:Package 'src/robot_description' with type 'ros.ament_cmake' and name 'robot_description'
[0.396s] Level 1:colcon.colcon_core.package_identification:_identify(src/tf_examples) by extensions ['ignore', 'ignore_ament_install']
[0.401s] Level 1:colcon.colcon_core.package_identification:_identify(src/tf_examples) by extension 'ignore'
[0.406s] Level 1:colcon.colcon_core.package_identification:_identify(src/tf_examples) by extension 'ignore_ament_install'
[0.411s] Level 1:colcon.colcon_core.package_identification:_identify(src/tf_examples) by extensions ['colcon_pkg']
[0.412s] Level 1:colcon.colcon_core.package_identification:_identify(src/tf_examples) by extension 'colcon_pkg'
[0.417s] Level 1:colcon.colcon_core.package_identification:_identify(src/tf_examples) by extensions ['colcon_meta']
[0.419s] Level 1:colcon.colcon_core.package_identification:_identify(src/tf_examples) by extension 'colcon_meta'
[0.423s] Level 1:colcon.colcon_core.package_identification:_identify(src/tf_examples) by extensions ['ros']
[0.426s] Level 1:colcon.colcon_core.package_identification:_identify(src/tf_examples) by extension 'ros'
[0.431s] DEBUG:colcon.colcon_core.package_identification:Package 'src/tf_examples' with type 'ros.ament_python' and name 'tf_examples'
[0.432s] Level 1:colcon.colcon_core.package_discovery:discover_packages(recursive) using defaults
[0.435s] Level 1:colcon.colcon_core.package_discovery:discover_packages(ignore) discover
[0.443s] Level 1:colcon.colcon_core.package_discovery:discover_packages(ignore) using defaults
[0.447s] Level 1:colcon.colcon_core.package_discovery:discover_packages(path) discover
[0.450s] Level 1:colcon.colcon_core.package_discovery:discover_packages(path) using defaults
[0.477s] INFO:colcon.colcon_core.package_selection:Skipping not selected package 'robot_description' in 'src/robot_description'
[0.477s] Level 1:colcon.colcon_core.package_discovery:discover_packages(prefix_path) check parameters
[0.480s] Level 1:colcon.colcon_core.package_discovery:discover_packages(prefix_path) discover
[0.501s] DEBUG:colcon.colcon_installed_package_information.package_discovery:Found 4 installed packages in /root/workspaces/turtlebot_ws/install
[0.504s] DEBUG:colcon.colcon_installed_package_information.package_discovery:Found 455 installed packages in /opt/ros/jazzy
[0.506s] Level 1:colcon.colcon_core.package_discovery:discover_packages(prefix_path) using defaults
[0.576s] Level 5:colcon.colcon_core.verb:set package 'tf_examples' build argument 'cmake_args' from command line to 'None'
[0.576s] Level 5:colcon.colcon_core.verb:set package 'tf_examples' build argument 'cmake_target' from command line to 'None'
[0.576s] Level 5:colcon.colcon_core.verb:set package 'tf_examples' build argument 'cmake_target_skip_unavailable' from command line to 'False'
[0.576s] Level 5:colcon.colcon_core.verb:set package 'tf_examples' build argument 'cmake_clean_cache' from command line to 'False'
[0.580s] Level 5:colcon.colcon_core.verb:set package 'tf_examples' build argument 'cmake_clean_first' from command line to 'False'
[0.583s] Level 5:colcon.colcon_core.verb:set package 'tf_examples' build argument 'cmake_force_configure' from command line to 'False'
[0.587s] Level 5:colcon.colcon_core.verb:set package 'tf_examples' build argument 'ament_cmake_args' from command line to 'None'
[0.593s] Level 5:colcon.colcon_core.verb:set package 'tf_examples' build argument 'catkin_cmake_args' from command line to 'None'
[0.596s] Level 5:colcon.colcon_core.verb:set package 'tf_examples' build argument 'catkin_skip_building_tests' from command line to 'False'
[0.600s] DEBUG:colcon.colcon_core.verb:Building package 'tf_examples' with the following arguments: {'ament_cmake_args': None, 'build_base': '/root/workspaces/my_robot_ws/build/tf_examples', 'catkin_cmake_args': None, 'catkin_skip_building_tests': False, 'cmake_args': None, 'cmake_clean_cache': False, 'cmake_clean_first': False, 'cmake_force_configure': False, 'cmake_target': None, 'cmake_target_skip_unavailable': False, 'install_base': '/root/workspaces/my_robot_ws/install/tf_examples', 'merge_install': False, 'path': '/root/workspaces/my_robot_ws/src/tf_examples', 'symlink_install': False, 'test_result_base': None}
[0.603s] INFO:colcon.colcon_core.executor:Executing jobs using 'parallel' executor
[0.607s] DEBUG:colcon.colcon_parallel_executor.executor.parallel:run_until_complete
[0.610s] INFO:colcon.colcon_ros.task.ament_python.build:Building ROS package in '/root/workspaces/my_robot_ws/src/tf_examples' with build type 'ament_python'
[0.617s] Level 1:colcon.colcon_core.shell:create_environment_hook('tf_examples', 'ament_prefix_path')
[0.630s] INFO:colcon.colcon_core.plugin_system:Skipping extension 'colcon_core.shell.bat': Not used on non-Windows systems
[0.630s] INFO:colcon.colcon_core.shell:Creating environment hook '/root/workspaces/my_robot_ws/install/tf_examples/share/tf_examples/hook/ament_prefix_path.ps1'
[0.673s] INFO:colcon.colcon_core.shell:Creating environment descriptor '/root/workspaces/my_robot_ws/install/tf_examples/share/tf_examples/hook/ament_prefix_path.dsv'
[0.687s] INFO:colcon.colcon_core.shell:Creating environment hook '/root/workspaces/my_robot_ws/install/tf_examples/share/tf_examples/hook/ament_prefix_path.sh'
[0.701s] INFO:colcon.colcon_core.shell:Skip shell extension 'powershell' for command environment: Not usable outside of PowerShell
[0.702s] DEBUG:colcon.colcon_core.shell:Skip shell extension 'dsv' for command environment
[1.041s] INFO:colcon.colcon_core.task.python.build:Building Python package in '/root/workspaces/my_robot_ws/src/tf_examples'
[1.041s] INFO:colcon.colcon_core.shell:Skip shell extension 'powershell' for command environment: Not usable outside of PowerShell
[1.045s] DEBUG:colcon.colcon_core.shell:Skip shell extension 'dsv' for command environment
[1.807s] DEBUG:colcon.colcon_core.task.python.build:Available setuptools commands: alias, update_catalog, compile_catalog, bdist, build_clib, install, extract_messages, build_ext, build_py, upload, bdist_egg, bdist_dumb, rotate, symlink_data, bdist_wheel, install_lib, bdist_rpm, develop, register, sdist, upload_docs, setopt, egg_info, install_egg_info, saveopts, install_headers, dist_info, install_scripts, easy_install, editable_wheel, test, clean, build, init_catalog, build_scripts, install_data, check
[1.862s] DEBUG:colcon.colcon_core.event_handler.log_command:Invoking command in '/root/workspaces/my_robot_ws/src/tf_examples': PYTHONPATH=/root/workspaces/my_robot_ws/build/tf_examples/prefix_override:/usr/lib/python3/dist-packages/colcon_core/task/python/colcon_distutils_commands:/root/workspaces/my_robot_ws/install/tf_examples/lib/python3.12/site-packages:${PYTHONPATH} /usr/bin/python3 -W ignore:setup.py install is deprecated -W ignore:easy_install command is deprecated setup.py egg_info --egg-base ../../build/tf_examples build --build-base /root/workspaces/my_robot_ws/build/tf_examples/build install --record /root/workspaces/my_robot_ws/build/tf_examples/install.log --install-scripts $base/lib/tf_examples --single-version-externally-managed install_data
[2.884s] DEBUG:colcon.colcon_core.event_handler.log_command:Invoked command in '/root/workspaces/my_robot_ws/src/tf_examples' returned '0': PYTHONPATH=/root/workspaces/my_robot_ws/build/tf_examples/prefix_override:/usr/lib/python3/dist-packages/colcon_core/task/python/colcon_distutils_commands:/root/workspaces/my_robot_ws/install/tf_examples/lib/python3.12/site-packages:${PYTHONPATH} /usr/bin/python3 -W ignore:setup.py install is deprecated -W ignore:easy_install command is deprecated setup.py egg_info --egg-base ../../build/tf_examples build --build-base /root/workspaces/my_robot_ws/build/tf_examples/build install --record /root/workspaces/my_robot_ws/build/tf_examples/install.log --install-scripts $base/lib/tf_examples --single-version-externally-managed install_data
[2.886s] Level 1:colcon.colcon_core.environment:checking '/root/workspaces/my_robot_ws/install/tf_examples' for CMake module files
[2.900s] Level 1:colcon.colcon_core.environment:checking '/root/workspaces/my_robot_ws/install/tf_examples' for CMake config files
[2.922s] Level 1:colcon.colcon_core.environment:checking '/root/workspaces/my_robot_ws/install/tf_examples/lib'
[2.924s] Level 1:colcon.colcon_core.environment:checking '/root/workspaces/my_robot_ws/install/tf_examples/bin'
[2.932s] Level 1:colcon.colcon_core.environment:checking '/root/workspaces/my_robot_ws/install/tf_examples/lib/pkgconfig/tf_examples.pc'
[2.936s] Level 1:colcon.colcon_core.environment:checking '/root/workspaces/my_robot_ws/install/tf_examples/lib/python3.12/site-packages'
[2.945s] Level 1:colcon.colcon_core.shell:create_environment_hook('tf_examples', 'pythonpath')
[2.951s] INFO:colcon.colcon_core.shell:Creating environment hook '/root/workspaces/my_robot_ws/install/tf_examples/share/tf_examples/hook/pythonpath.ps1'
[2.971s] INFO:colcon.colcon_core.shell:Creating environment descriptor '/root/workspaces/my_robot_ws/install/tf_examples/share/tf_examples/hook/pythonpath.dsv'
[2.986s] INFO:colcon.colcon_core.shell:Creating environment hook '/root/workspaces/my_robot_ws/install/tf_examples/share/tf_examples/hook/pythonpath.sh'
[2.998s] Level 1:colcon.colcon_core.environment:checking '/root/workspaces/my_robot_ws/install/tf_examples/bin'
[2.998s] Level 1:colcon.colcon_core.environment:create_environment_scripts_only(tf_examples)
[3.003s] INFO:colcon.colcon_core.shell:Creating package script '/root/workspaces/my_robot_ws/install/tf_examples/share/tf_examples/package.ps1'
[3.023s] INFO:colcon.colcon_core.shell:Creating package descriptor '/root/workspaces/my_robot_ws/install/tf_examples/share/tf_examples/package.dsv'
[3.037s] INFO:colcon.colcon_core.shell:Creating package script '/root/workspaces/my_robot_ws/install/tf_examples/share/tf_examples/package.sh'
[3.050s] INFO:colcon.colcon_core.shell:Creating package script '/root/workspaces/my_robot_ws/install/tf_examples/share/tf_examples/package.bash'
[3.060s] INFO:colcon.colcon_core.shell:Creating package script '/root/workspaces/my_robot_ws/install/tf_examples/share/tf_examples/package.zsh'
[3.075s] Level 1:colcon.colcon_core.environment:create_file_with_runtime_dependencies(/root/workspaces/my_robot_ws/install/tf_examples/share/colcon-core/packages/tf_examples)
[3.104s] DEBUG:colcon.colcon_parallel_executor.executor.parallel:closing loop
[3.104s] DEBUG:colcon.colcon_parallel_executor.executor.parallel:loop closed
[3.104s] DEBUG:colcon.colcon_parallel_executor.executor.parallel:run_until_complete finished with '0'
[3.104s] DEBUG:colcon.colcon_core.event_reactor:joining thread
[3.131s] INFO:colcon.colcon_core.plugin_system:Skipping extension 'colcon_notification.desktop_notification.notify_send': Could not find 'notify-send'
[3.131s] INFO:colcon.colcon_core.plugin_system:Skipping extension 'colcon_notification.desktop_notification.terminal_notifier': Not used on non-Darwin systems
[3.135s] INFO:colcon.colcon_core.plugin_system:Skipping extension 'colcon_notification.desktop_notification.win32': Not used on non-Windows systems
[3.138s] INFO:colcon.colcon_notification.desktop_notification:Sending desktop notification using 'notify2'
[3.146s] DEBUG:colcon.colcon_notification.desktop_notification.notify2:Failed to initialize notify2: org.freedesktop.DBus.Error.Spawn.ExecFailed: /usr/bin/dbus-launch terminated abnormally without any error message
[3.147s] DEBUG:colcon.colcon_core.event_reactor:joined thread
[3.151s] INFO:colcon.colcon_core.shell:Creating prefix script '/root/workspaces/my_robot_ws/install/local_setup.ps1'
[3.167s] INFO:colcon.colcon_core.shell:Creating prefix util module '/root/workspaces/my_robot_ws/install/_local_setup_util_ps1.py'
[3.185s] INFO:colcon.colcon_core.shell:Creating prefix chain script '/root/workspaces/my_robot_ws/install/setup.ps1'
[3.206s] INFO:colcon.colcon_core.shell:Creating prefix script '/root/workspaces/my_robot_ws/install/local_setup.sh'
[3.223s] INFO:colcon.colcon_core.shell:Creating prefix util module '/root/workspaces/my_robot_ws/install/_local_setup_util_sh.py'
[3.240s] INFO:colcon.colcon_core.shell:Creating prefix chain script '/root/workspaces/my_robot_ws/install/setup.sh'
[3.262s] INFO:colcon.colcon_core.shell:Creating prefix script '/root/workspaces/my_robot_ws/install/local_setup.bash'
[3.274s] INFO:colcon.colcon_core.shell:Creating prefix chain script '/root/workspaces/my_robot_ws/install/setup.bash'
[3.296s] INFO:colcon.colcon_core.shell:Creating prefix script '/root/workspaces/my_robot_ws/install/local_setup.zsh'
[3.313s] INFO:colcon.colcon_core.shell:Creating prefix chain script '/root/workspaces/my_robot_ws/install/setup.zsh'
