running egg_info
creating ../../build/tf_examples/tf_examples.egg-info
writing ../../build/tf_examples/tf_examples.egg-info/PKG-INFO
writing dependency_links to ../../build/tf_examples/tf_examples.egg-info/dependency_links.txt
writing entry points to ../../build/tf_examples/tf_examples.egg-info/entry_points.txt
writing requirements to ../../build/tf_examples/tf_examples.egg-info/requires.txt
writing top-level names to ../../build/tf_examples/tf_examples.egg-info/top_level.txt
writing manifest file '../../build/tf_examples/tf_examples.egg-info/SOURCES.txt'
reading manifest file '../../build/tf_examples/tf_examples.egg-info/SOURCES.txt'
writing manifest file '../../build/tf_examples/tf_examples.egg-info/SOURCES.txt'
running build
running build_py
creating /root/workspaces/my_robot_ws/build/tf_examples/build
creating /root/workspaces/my_robot_ws/build/tf_examples/build/lib
creating /root/workspaces/my_robot_ws/build/tf_examples/build/lib/tf_examples
copying tf_examples/__init__.py -> /root/workspaces/my_robot_ws/build/tf_examples/build/lib/tf_examples
copying tf_examples/odom_broadcaster.py -> /root/workspaces/my_robot_ws/build/tf_examples/build/lib/tf_examples
running install
running install_lib
creating /root/workspaces/my_robot_ws/install/tf_examples/lib/python3.12/site-packages/tf_examples
copying /root/workspaces/my_robot_ws/build/tf_examples/build/lib/tf_examples/__init__.py -> /root/workspaces/my_robot_ws/install/tf_examples/lib/python3.12/site-packages/tf_examples
copying /root/workspaces/my_robot_ws/build/tf_examples/build/lib/tf_examples/odom_broadcaster.py -> /root/workspaces/my_robot_ws/install/tf_examples/lib/python3.12/site-packages/tf_examples
byte-compiling /root/workspaces/my_robot_ws/install/tf_examples/lib/python3.12/site-packages/tf_examples/__init__.py to __init__.cpython-312.pyc
byte-compiling /root/workspaces/my_robot_ws/install/tf_examples/lib/python3.12/site-packages/tf_examples/odom_broadcaster.py to odom_broadcaster.cpython-312.pyc
running install_data
creating /root/workspaces/my_robot_ws/install/tf_examples/share/ament_index
creating /root/workspaces/my_robot_ws/install/tf_examples/share/ament_index/resource_index
creating /root/workspaces/my_robot_ws/install/tf_examples/share/ament_index/resource_index/packages
copying resource/tf_examples -> /root/workspaces/my_robot_ws/install/tf_examples/share/ament_index/resource_index/packages
copying package.xml -> /root/workspaces/my_robot_ws/install/tf_examples/share/tf_examples
running install_egg_info
Copying ../../build/tf_examples/tf_examples.egg-info to /root/workspaces/my_robot_ws/install/tf_examples/lib/python3.12/site-packages/tf_examples-0.0.0-py3.12.egg-info
running install_scripts
Installing odom_broadcaster script to /root/workspaces/my_robot_ws/install/tf_examples/lib/tf_examples
writing list of installed files to '/root/workspaces/my_robot_ws/build/tf_examples/install.log'
