[1.230s] Invoking command in '/root/workspaces/my_robot_ws/src/tf_examples': PYTHONPATH=/root/workspaces/my_robot_ws/build/tf_examples/prefix_override:/usr/lib/python3/dist-packages/colcon_core/task/python/colcon_distutils_commands:/root/workspaces/my_robot_ws/install/tf_examples/lib/python3.12/site-packages:${PYTHONPATH} /usr/bin/python3 -W ignore:setup.py install is deprecated -W ignore:easy_install command is deprecated setup.py egg_info --egg-base ../../build/tf_examples build --build-base /root/workspaces/my_robot_ws/build/tf_examples/build install --record /root/workspaces/my_robot_ws/build/tf_examples/install.log --install-scripts $base/lib/tf_examples --single-version-externally-managed install_data
[1.457s] running egg_info
[1.474s] creating ../../build/tf_examples/tf_examples.egg-info
[1.489s] writing ../../build/tf_examples/tf_examples.egg-info/PKG-INFO
[1.515s] writing dependency_links to ../../build/tf_examples/tf_examples.egg-info/dependency_links.txt
[1.527s] writing entry points to ../../build/tf_examples/tf_examples.egg-info/entry_points.txt
[1.540s] writing requirements to ../../build/tf_examples/tf_examples.egg-info/requires.txt
[1.553s] writing top-level names to ../../build/tf_examples/tf_examples.egg-info/top_level.txt
[1.569s] writing manifest file '../../build/tf_examples/tf_examples.egg-info/SOURCES.txt'
[1.627s] reading manifest file '../../build/tf_examples/tf_examples.egg-info/SOURCES.txt'
[1.637s] writing manifest file '../../build/tf_examples/tf_examples.egg-info/SOURCES.txt'
[1.640s] running build
[1.652s] running build_py
[1.672s] creating /root/workspaces/my_robot_ws/build/tf_examples/build
[1.678s] creating /root/workspaces/my_robot_ws/build/tf_examples/build/lib
[1.678s] creating /root/workspaces/my_robot_ws/build/tf_examples/build/lib/tf_examples
[1.678s] copying tf_examples/__init__.py -> /root/workspaces/my_robot_ws/build/tf_examples/build/lib/tf_examples
[1.678s] copying tf_examples/odom_broadcaster.py -> /root/workspaces/my_robot_ws/build/tf_examples/build/lib/tf_examples
[1.698s] running install
[1.713s] running install_lib
[1.731s] creating /root/workspaces/my_robot_ws/install/tf_examples/lib/python3.12/site-packages/tf_examples
[1.746s] copying /root/workspaces/my_robot_ws/build/tf_examples/build/lib/tf_examples/__init__.py -> /root/workspaces/my_robot_ws/install/tf_examples/lib/python3.12/site-packages/tf_examples
[1.757s] copying /root/workspaces/my_robot_ws/build/tf_examples/build/lib/tf_examples/odom_broadcaster.py -> /root/workspaces/my_robot_ws/install/tf_examples/lib/python3.12/site-packages/tf_examples
[1.776s] byte-compiling /root/workspaces/my_robot_ws/install/tf_examples/lib/python3.12/site-packages/tf_examples/__init__.py to __init__.cpython-312.pyc
[1.796s] byte-compiling /root/workspaces/my_robot_ws/install/tf_examples/lib/python3.12/site-packages/tf_examples/odom_broadcaster.py to odom_broadcaster.cpython-312.pyc
[1.817s] running install_data
[1.827s] creating /root/workspaces/my_robot_ws/install/tf_examples/share/ament_index
[1.834s] creating /root/workspaces/my_robot_ws/install/tf_examples/share/ament_index/resource_index
[1.835s] creating /root/workspaces/my_robot_ws/install/tf_examples/share/ament_index/resource_index/packages
[1.835s] copying resource/tf_examples -> /root/workspaces/my_robot_ws/install/tf_examples/share/ament_index/resource_index/packages
[1.853s] copying package.xml -> /root/workspaces/my_robot_ws/install/tf_examples/share/tf_examples
[1.874s] running install_egg_info
[1.895s] Copying ../../build/tf_examples/tf_examples.egg-info to /root/workspaces/my_robot_ws/install/tf_examples/lib/python3.12/site-packages/tf_examples-0.0.0-py3.12.egg-info
[2.043s] running install_scripts
[2.194s] Installing odom_broadcaster script to /root/workspaces/my_robot_ws/install/tf_examples/lib/tf_examples
[2.216s] writing list of installed files to '/root/workspaces/my_robot_ws/build/tf_examples/install.log'
[2.253s] Invoked command in '/root/workspaces/my_robot_ws/src/tf_examples' returned '0': PYTHONPATH=/root/workspaces/my_robot_ws/build/tf_examples/prefix_override:/usr/lib/python3/dist-packages/colcon_core/task/python/colcon_distutils_commands:/root/workspaces/my_robot_ws/install/tf_examples/lib/python3.12/site-packages:${PYTHONPATH} /usr/bin/python3 -W ignore:setup.py install is deprecated -W ignore:easy_install command is deprecated setup.py egg_info --egg-base ../../build/tf_examples build --build-base /root/workspaces/my_robot_ws/build/tf_examples/build install --record /root/workspaces/my_robot_ws/build/tf_examples/install.log --install-scripts $base/lib/tf_examples --single-version-externally-managed install_data
