[0.144s] DEBUG:colcon:Command line arguments: ['/usr/bin/colcon', 'build', '--packages-select', 'robot_description']
[0.144s] DEBUG:colcon:Parsed command line arguments: Namespace(log_base=None, log_level=None, verb_name='build', build_base='build', install_base='install', merge_install=False, symlink_install=False, test_result_base=None, continue_on_error=False, executor='parallel', parallel_workers=4, event_handlers=None, ignore_user_meta=False, metas=['./colcon.meta'], base_paths=['.'], packages_ignore=None, packages_ignore_regex=None, paths=None, packages_up_to=None, packages_up_to_regex=None, packages_above=None, packages_above_and_dependencies=None, packages_above_depth=None, packages_select_by_dep=None, packages_skip_by_dep=None, packages_skip_up_to=None, packages_select_build_failed=False, packages_skip_build_finished=False, packages_select_test_failures=False, packages_skip_test_passed=False, packages_select=['robot_description'], packages_skip=None, packages_select_regex=None, packages_skip_regex=None, packages_start=None, packages_end=None, allow_overriding=[], cmake_args=None, cmake_target=None, cmake_target_skip_unavailable=False, cmake_clean_cache=False, cmake_clean_first=False, cmake_force_configure=False, ament_cmake_args=None, catkin_cmake_args=None, catkin_skip_building_tests=False, verb_parser=<colcon_defaults.argument_parser.defaults.DefaultArgumentsDecorator object at 0x7fe8e11f9250>, verb_extension=<colcon_core.verb.build.BuildVerb object at 0x7fe8e11f9160>, main=<bound method BuildVerb.main of <colcon_core.verb.build.BuildVerb object at 0x7fe8e11f9160>>)
[0.273s] Level 1:colcon.colcon_core.package_discovery:discover_packages(colcon_meta) check parameters
[0.274s] Level 1:colcon.colcon_core.package_discovery:discover_packages(recursive) check parameters
[0.277s] Level 1:colcon.colcon_core.package_discovery:discover_packages(ignore) check parameters
[0.280s] Level 1:colcon.colcon_core.package_discovery:discover_packages(path) check parameters
[0.287s] Level 1:colcon.colcon_core.package_discovery:discover_packages(colcon_meta) discover
[0.294s] Level 1:colcon.colcon_core.package_discovery:discover_packages(recursive) discover
[0.297s] INFO:colcon.colcon_core.package_discovery:Crawling recursively for packages in '/root/workspaces/my_robot_ws'
[0.312s] Level 1:colcon.colcon_core.package_identification:_identify(.) by extensions ['ignore', 'ignore_ament_install']
[0.313s] Level 1:colcon.colcon_core.package_identification:_identify(.) by extension 'ignore'
[0.320s] Level 1:colcon.colcon_core.package_identification:_identify(.) by extension 'ignore_ament_install'
[0.328s] Level 1:colcon.colcon_core.package_identification:_identify(.) by extensions ['colcon_pkg']
[0.330s] Level 1:colcon.colcon_core.package_identification:_identify(.) by extension 'colcon_pkg'
[0.335s] Level 1:colcon.colcon_core.package_identification:_identify(.) by extensions ['colcon_meta']
[0.337s] Level 1:colcon.colcon_core.package_identification:_identify(.) by extension 'colcon_meta'
[0.340s] Level 1:colcon.colcon_core.package_identification:_identify(.) by extensions ['ros']
[0.347s] Level 1:colcon.colcon_core.package_identification:_identify(.) by extension 'ros'
[0.378s] Level 1:colcon.colcon_core.package_identification:_identify(.) by extensions ['cmake', 'python']
[0.379s] Level 1:colcon.colcon_core.package_identification:_identify(.) by extension 'cmake'
[0.380s] Level 1:colcon.colcon_core.package_identification:_identify(.) by extension 'python'
[0.387s] Level 1:colcon.colcon_core.package_identification:_identify(.) by extensions ['python_setup_py']
[0.389s] Level 1:colcon.colcon_core.package_identification:_identify(.) by extension 'python_setup_py'
[0.396s] Level 1:colcon.colcon_core.package_identification:_identify(build) by extensions ['ignore', 'ignore_ament_install']
[0.400s] Level 1:colcon.colcon_core.package_identification:_identify(build) by extension 'ignore'
[0.403s] Level 1:colcon.colcon_core.package_identification:_identify(build) ignored
[0.409s] Level 1:colcon.colcon_core.package_identification:_identify(install) by extensions ['ignore', 'ignore_ament_install']
[0.410s] Level 1:colcon.colcon_core.package_identification:_identify(install) by extension 'ignore'
[0.414s] Level 1:colcon.colcon_core.package_identification:_identify(install) ignored
[0.424s] Level 1:colcon.colcon_core.package_identification:_identify(log) by extensions ['ignore', 'ignore_ament_install']
[0.428s] Level 1:colcon.colcon_core.package_identification:_identify(log) by extension 'ignore'
[0.431s] Level 1:colcon.colcon_core.package_identification:_identify(log) ignored
[0.440s] Level 1:colcon.colcon_core.package_identification:_identify(src) by extensions ['ignore', 'ignore_ament_install']
[0.443s] Level 1:colcon.colcon_core.package_identification:_identify(src) by extension 'ignore'
[0.447s] Level 1:colcon.colcon_core.package_identification:_identify(src) by extension 'ignore_ament_install'
[0.452s] Level 1:colcon.colcon_core.package_identification:_identify(src) by extensions ['colcon_pkg']
[0.456s] Level 1:colcon.colcon_core.package_identification:_identify(src) by extension 'colcon_pkg'
[0.460s] Level 1:colcon.colcon_core.package_identification:_identify(src) by extensions ['colcon_meta']
[0.462s] Level 1:colcon.colcon_core.package_identification:_identify(src) by extension 'colcon_meta'
[0.466s] Level 1:colcon.colcon_core.package_identification:_identify(src) by extensions ['ros']
[0.469s] Level 1:colcon.colcon_core.package_identification:_identify(src) by extension 'ros'
[0.478s] Level 1:colcon.colcon_core.package_identification:_identify(src) by extensions ['cmake', 'python']
[0.478s] Level 1:colcon.colcon_core.package_identification:_identify(src) by extension 'cmake'
[0.483s] Level 1:colcon.colcon_core.package_identification:_identify(src) by extension 'python'
[0.486s] Level 1:colcon.colcon_core.package_identification:_identify(src) by extensions ['python_setup_py']
[0.488s] Level 1:colcon.colcon_core.package_identification:_identify(src) by extension 'python_setup_py'
[0.493s] Level 1:colcon.colcon_core.package_identification:_identify(src/robot_description) by extensions ['ignore', 'ignore_ament_install']
[0.496s] Level 1:colcon.colcon_core.package_identification:_identify(src/robot_description) by extension 'ignore'
[0.504s] Level 1:colcon.colcon_core.package_identification:_identify(src/robot_description) by extension 'ignore_ament_install'
[0.509s] Level 1:colcon.colcon_core.package_identification:_identify(src/robot_description) by extensions ['colcon_pkg']
[0.514s] Level 1:colcon.colcon_core.package_identification:_identify(src/robot_description) by extension 'colcon_pkg'
[0.518s] Level 1:colcon.colcon_core.package_identification:_identify(src/robot_description) by extensions ['colcon_meta']
[0.527s] Level 1:colcon.colcon_core.package_identification:_identify(src/robot_description) by extension 'colcon_meta'
[0.527s] Level 1:colcon.colcon_core.package_identification:_identify(src/robot_description) by extensions ['ros']
[0.527s] Level 1:colcon.colcon_core.package_identification:_identify(src/robot_description) by extension 'ros'
[0.536s] DEBUG:colcon.colcon_core.package_identification:Package 'src/robot_description' with type 'ros.ament_cmake' and name 'robot_description'
[0.536s] Level 1:colcon.colcon_core.package_discovery:discover_packages(recursive) using defaults
[0.536s] Level 1:colcon.colcon_core.package_discovery:discover_packages(ignore) discover
[0.536s] Level 1:colcon.colcon_core.package_discovery:discover_packages(ignore) using defaults
[0.536s] Level 1:colcon.colcon_core.package_discovery:discover_packages(path) discover
[0.539s] Level 1:colcon.colcon_core.package_discovery:discover_packages(path) using defaults
[0.560s] Level 1:colcon.colcon_core.package_discovery:discover_packages(prefix_path) check parameters
[0.560s] Level 1:colcon.colcon_core.package_discovery:discover_packages(prefix_path) discover
[0.577s] DEBUG:colcon.colcon_installed_package_information.package_discovery:Found 4 installed packages in /root/workspaces/turtlebot_ws/install
[0.579s] DEBUG:colcon.colcon_installed_package_information.package_discovery:Found 455 installed packages in /opt/ros/jazzy
[0.585s] Level 1:colcon.colcon_core.package_discovery:discover_packages(prefix_path) using defaults
[0.649s] Level 5:colcon.colcon_core.verb:set package 'robot_description' build argument 'cmake_args' from command line to 'None'
[0.649s] Level 5:colcon.colcon_core.verb:set package 'robot_description' build argument 'cmake_target' from command line to 'None'
[0.649s] Level 5:colcon.colcon_core.verb:set package 'robot_description' build argument 'cmake_target_skip_unavailable' from command line to 'False'
[0.652s] Level 5:colcon.colcon_core.verb:set package 'robot_description' build argument 'cmake_clean_cache' from command line to 'False'
[0.656s] Level 5:colcon.colcon_core.verb:set package 'robot_description' build argument 'cmake_clean_first' from command line to 'False'
[0.663s] Level 5:colcon.colcon_core.verb:set package 'robot_description' build argument 'cmake_force_configure' from command line to 'False'
[0.667s] Level 5:colcon.colcon_core.verb:set package 'robot_description' build argument 'ament_cmake_args' from command line to 'None'
[0.671s] Level 5:colcon.colcon_core.verb:set package 'robot_description' build argument 'catkin_cmake_args' from command line to 'None'
[0.675s] Level 5:colcon.colcon_core.verb:set package 'robot_description' build argument 'catkin_skip_building_tests' from command line to 'False'
[0.675s] DEBUG:colcon.colcon_core.verb:Building package 'robot_description' with the following arguments: {'ament_cmake_args': None, 'build_base': '/root/workspaces/my_robot_ws/build/robot_description', 'catkin_cmake_args': None, 'catkin_skip_building_tests': False, 'cmake_args': None, 'cmake_clean_cache': False, 'cmake_clean_first': False, 'cmake_force_configure': False, 'cmake_target': None, 'cmake_target_skip_unavailable': False, 'install_base': '/root/workspaces/my_robot_ws/install/robot_description', 'merge_install': False, 'path': '/root/workspaces/my_robot_ws/src/robot_description', 'symlink_install': False, 'test_result_base': None}
[0.679s] INFO:colcon.colcon_core.executor:Executing jobs using 'parallel' executor
[0.687s] DEBUG:colcon.colcon_parallel_executor.executor.parallel:run_until_complete
[0.694s] INFO:colcon.colcon_ros.task.ament_cmake.build:Building ROS package in '/root/workspaces/my_robot_ws/src/robot_description' with build type 'ament_cmake'
[0.698s] INFO:colcon.colcon_cmake.task.cmake.build:Building CMake package in '/root/workspaces/my_robot_ws/src/robot_description'
[0.699s] INFO:colcon.colcon_core.plugin_system:Skipping extension 'colcon_core.shell.bat': Not used on non-Windows systems
[0.699s] INFO:colcon.colcon_core.shell:Skip shell extension 'powershell' for command environment: Not usable outside of PowerShell
[0.699s] DEBUG:colcon.colcon_core.shell:Skip shell extension 'dsv' for command environment
[0.896s] DEBUG:colcon.colcon_core.event_handler.log_command:Invoking command in '/root/workspaces/my_robot_ws/build/robot_description': CMAKE_PREFIX_PATH=${CMAKE_PREFIX_PATH}:/opt/ros/jazzy /usr/bin/cmake /root/workspaces/my_robot_ws/src/robot_description -DCMAKE_INSTALL_PREFIX=/root/workspaces/my_robot_ws/install/robot_description
[6.061s] DEBUG:colcon.colcon_core.event_handler.log_command:Invoked command in '/root/workspaces/my_robot_ws/build/robot_description' returned '0': CMAKE_PREFIX_PATH=${CMAKE_PREFIX_PATH}:/opt/ros/jazzy /usr/bin/cmake /root/workspaces/my_robot_ws/src/robot_description -DCMAKE_INSTALL_PREFIX=/root/workspaces/my_robot_ws/install/robot_description
[6.064s] DEBUG:colcon.colcon_core.event_handler.log_command:Invoking command in '/root/workspaces/my_robot_ws/build/robot_description': CMAKE_PREFIX_PATH=${CMAKE_PREFIX_PATH}:/opt/ros/jazzy /usr/bin/cmake --build /root/workspaces/my_robot_ws/build/robot_description -- -j4 -l4
[6.133s] DEBUG:colcon.colcon_core.event_handler.log_command:Invoked command in '/root/workspaces/my_robot_ws/build/robot_description' returned '0': CMAKE_PREFIX_PATH=${CMAKE_PREFIX_PATH}:/opt/ros/jazzy /usr/bin/cmake --build /root/workspaces/my_robot_ws/build/robot_description -- -j4 -l4
[6.155s] DEBUG:colcon.colcon_core.event_handler.log_command:Invoking command in '/root/workspaces/my_robot_ws/build/robot_description': CMAKE_PREFIX_PATH=${CMAKE_PREFIX_PATH}:/opt/ros/jazzy /usr/bin/cmake --install /root/workspaces/my_robot_ws/build/robot_description
[9.037s] Level 1:colcon.colcon_core.environment:create_environment_scripts_only(robot_description)
[9.037s] DEBUG:colcon.colcon_core.event_handler.log_command:Invoked command in '/root/workspaces/my_robot_ws/build/robot_description' returned '0': CMAKE_PREFIX_PATH=${CMAKE_PREFIX_PATH}:/opt/ros/jazzy /usr/bin/cmake --install /root/workspaces/my_robot_ws/build/robot_description
[9.039s] Level 1:colcon.colcon_core.environment:checking '/root/workspaces/my_robot_ws/install/robot_description' for CMake module files
[9.053s] Level 1:colcon.colcon_core.environment:checking '/root/workspaces/my_robot_ws/install/robot_description' for CMake config files
[9.069s] Level 1:colcon.colcon_core.shell:create_environment_hook('robot_description', 'cmake_prefix_path')
[9.069s] INFO:colcon.colcon_core.shell:Creating environment hook '/root/workspaces/my_robot_ws/install/robot_description/share/robot_description/hook/cmake_prefix_path.ps1'
[9.086s] INFO:colcon.colcon_core.shell:Creating environment descriptor '/root/workspaces/my_robot_ws/install/robot_description/share/robot_description/hook/cmake_prefix_path.dsv'
[9.099s] INFO:colcon.colcon_core.shell:Creating environment hook '/root/workspaces/my_robot_ws/install/robot_description/share/robot_description/hook/cmake_prefix_path.sh'
[9.113s] Level 1:colcon.colcon_core.environment:checking '/root/workspaces/my_robot_ws/install/robot_description/bin'
[9.114s] Level 1:colcon.colcon_core.environment:checking '/root/workspaces/my_robot_ws/install/robot_description/lib/pkgconfig/robot_description.pc'
[9.116s] Level 1:colcon.colcon_core.environment:checking '/root/workspaces/my_robot_ws/install/robot_description/lib/python3.12/site-packages'
[9.116s] Level 1:colcon.colcon_core.environment:checking '/root/workspaces/my_robot_ws/install/robot_description/bin'
[9.117s] INFO:colcon.colcon_core.shell:Creating package script '/root/workspaces/my_robot_ws/install/robot_description/share/robot_description/package.ps1'
[9.127s] INFO:colcon.colcon_core.shell:Creating package descriptor '/root/workspaces/my_robot_ws/install/robot_description/share/robot_description/package.dsv'
[9.140s] INFO:colcon.colcon_core.shell:Creating package script '/root/workspaces/my_robot_ws/install/robot_description/share/robot_description/package.sh'
[9.151s] INFO:colcon.colcon_core.shell:Creating package script '/root/workspaces/my_robot_ws/install/robot_description/share/robot_description/package.bash'
[9.162s] INFO:colcon.colcon_core.shell:Creating package script '/root/workspaces/my_robot_ws/install/robot_description/share/robot_description/package.zsh'
[9.174s] Level 1:colcon.colcon_core.environment:create_file_with_runtime_dependencies(/root/workspaces/my_robot_ws/install/robot_description/share/colcon-core/packages/robot_description)
[9.195s] Level 1:colcon.colcon_core.environment:create_environment_scripts_only(robot_description)
[9.195s] Level 1:colcon.colcon_core.environment:checking '/root/workspaces/my_robot_ws/install/robot_description' for CMake module files
[9.204s] Level 1:colcon.colcon_core.environment:checking '/root/workspaces/my_robot_ws/install/robot_description' for CMake config files
[9.220s] Level 1:colcon.colcon_core.shell:create_environment_hook('robot_description', 'cmake_prefix_path')
[9.220s] INFO:colcon.colcon_core.shell:Creating environment hook '/root/workspaces/my_robot_ws/install/robot_description/share/robot_description/hook/cmake_prefix_path.ps1'
[9.237s] INFO:colcon.colcon_core.shell:Creating environment descriptor '/root/workspaces/my_robot_ws/install/robot_description/share/robot_description/hook/cmake_prefix_path.dsv'
[9.249s] INFO:colcon.colcon_core.shell:Creating environment hook '/root/workspaces/my_robot_ws/install/robot_description/share/robot_description/hook/cmake_prefix_path.sh'
[9.264s] Level 1:colcon.colcon_core.environment:checking '/root/workspaces/my_robot_ws/install/robot_description/bin'
[9.264s] Level 1:colcon.colcon_core.environment:checking '/root/workspaces/my_robot_ws/install/robot_description/lib/pkgconfig/robot_description.pc'
[9.280s] Level 1:colcon.colcon_core.environment:checking '/root/workspaces/my_robot_ws/install/robot_description/lib/python3.12/site-packages'
[9.283s] Level 1:colcon.colcon_core.environment:checking '/root/workspaces/my_robot_ws/install/robot_description/bin'
[9.288s] INFO:colcon.colcon_core.shell:Creating package script '/root/workspaces/my_robot_ws/install/robot_description/share/robot_description/package.ps1'
[9.306s] INFO:colcon.colcon_core.shell:Creating package descriptor '/root/workspaces/my_robot_ws/install/robot_description/share/robot_description/package.dsv'
[9.318s] INFO:colcon.colcon_core.shell:Creating package script '/root/workspaces/my_robot_ws/install/robot_description/share/robot_description/package.sh'
[9.330s] INFO:colcon.colcon_core.shell:Creating package script '/root/workspaces/my_robot_ws/install/robot_description/share/robot_description/package.bash'
[9.343s] INFO:colcon.colcon_core.shell:Creating package script '/root/workspaces/my_robot_ws/install/robot_description/share/robot_description/package.zsh'
[9.356s] Level 1:colcon.colcon_core.environment:create_file_with_runtime_dependencies(/root/workspaces/my_robot_ws/install/robot_description/share/colcon-core/packages/robot_description)
[9.359s] DEBUG:colcon.colcon_parallel_executor.executor.parallel:closing loop
[9.360s] DEBUG:colcon.colcon_parallel_executor.executor.parallel:loop closed
[9.360s] DEBUG:colcon.colcon_parallel_executor.executor.parallel:run_until_complete finished with '0'
[9.360s] DEBUG:colcon.colcon_core.event_reactor:joining thread
[9.383s] INFO:colcon.colcon_core.plugin_system:Skipping extension 'colcon_notification.desktop_notification.notify_send': Could not find 'notify-send'
[9.383s] INFO:colcon.colcon_core.plugin_system:Skipping extension 'colcon_notification.desktop_notification.terminal_notifier': Not used on non-Darwin systems
[9.386s] INFO:colcon.colcon_core.plugin_system:Skipping extension 'colcon_notification.desktop_notification.win32': Not used on non-Windows systems
[9.391s] INFO:colcon.colcon_notification.desktop_notification:Sending desktop notification using 'notify2'
[9.399s] DEBUG:colcon.colcon_notification.desktop_notification.notify2:Failed to initialize notify2: org.freedesktop.DBus.Error.Spawn.ExecFailed: /usr/bin/dbus-launch terminated abnormally without any error message
[9.400s] DEBUG:colcon.colcon_core.event_reactor:joined thread
[9.404s] INFO:colcon.colcon_core.shell:Creating prefix script '/root/workspaces/my_robot_ws/install/local_setup.ps1'
[9.418s] INFO:colcon.colcon_core.shell:Creating prefix util module '/root/workspaces/my_robot_ws/install/_local_setup_util_ps1.py'
[9.430s] INFO:colcon.colcon_core.shell:Creating prefix chain script '/root/workspaces/my_robot_ws/install/setup.ps1'
[9.449s] INFO:colcon.colcon_core.shell:Creating prefix script '/root/workspaces/my_robot_ws/install/local_setup.sh'
[9.460s] INFO:colcon.colcon_core.shell:Creating prefix util module '/root/workspaces/my_robot_ws/install/_local_setup_util_sh.py'
[9.475s] INFO:colcon.colcon_core.shell:Creating prefix chain script '/root/workspaces/my_robot_ws/install/setup.sh'
[9.496s] INFO:colcon.colcon_core.shell:Creating prefix script '/root/workspaces/my_robot_ws/install/local_setup.bash'
[9.506s] INFO:colcon.colcon_core.shell:Creating prefix chain script '/root/workspaces/my_robot_ws/install/setup.bash'
[9.527s] INFO:colcon.colcon_core.shell:Creating prefix script '/root/workspaces/my_robot_ws/install/local_setup.zsh'
[9.538s] INFO:colcon.colcon_core.shell:Creating prefix chain script '/root/workspaces/my_robot_ws/install/setup.zsh'
